Archive member included to satisfy reference by file (symbol)

c:/st/stm32cubeide_1.8.0/stm32cubeide/plugins/com.st.stm32cube.ide.mcu.externaltools.gnu-tools-for-stm32.9-2020-q2-update.win32_2.0.0.202105311346/tools/bin/../lib/gcc/arm-none-eabi/9.3.1/../../../../arm-none-eabi/lib/thumb/v7e-m+fp/hard\libc_nano.a(lib_a-errno.o)
                              ./Core/Src/syscalls.o (__errno)
c:/st/stm32cubeide_1.8.0/stm32cubeide/plugins/com.st.stm32cube.ide.mcu.externaltools.gnu-tools-for-stm32.9-2020-q2-update.win32_2.0.0.202105311346/tools/bin/../lib/gcc/arm-none-eabi/9.3.1/../../../../arm-none-eabi/lib/thumb/v7e-m+fp/hard\libc_nano.a(lib_a-exit.o)
                              c:/st/stm32cubeide_1.8.0/stm32cubeide/plugins/com.st.stm32cube.ide.mcu.externaltools.gnu-tools-for-stm32.9-2020-q2-update.win32_2.0.0.202105311346/tools/bin/../lib/gcc/arm-none-eabi/9.3.1/../../../../arm-none-eabi/lib/thumb/v7e-m+fp/hard/crt0.o (exit)
c:/st/stm32cubeide_1.8.0/stm32cubeide/plugins/com.st.stm32cube.ide.mcu.externaltools.gnu-tools-for-stm32.9-2020-q2-update.win32_2.0.0.202105311346/tools/bin/../lib/gcc/arm-none-eabi/9.3.1/../../../../arm-none-eabi/lib/thumb/v7e-m+fp/hard\libc_nano.a(lib_a-impure.o)
                              c:/st/stm32cubeide_1.8.0/stm32cubeide/plugins/com.st.stm32cube.ide.mcu.externaltools.gnu-tools-for-stm32.9-2020-q2-update.win32_2.0.0.202105311346/tools/bin/../lib/gcc/arm-none-eabi/9.3.1/../../../../arm-none-eabi/lib/thumb/v7e-m+fp/hard\libc_nano.a(lib_a-exit.o) (_global_impure_ptr)
c:/st/stm32cubeide_1.8.0/stm32cubeide/plugins/com.st.stm32cube.ide.mcu.externaltools.gnu-tools-for-stm32.9-2020-q2-update.win32_2.0.0.202105311346/tools/bin/../lib/gcc/arm-none-eabi/9.3.1/../../../../arm-none-eabi/lib/thumb/v7e-m+fp/hard\libc_nano.a(lib_a-init.o)
                              c:/st/stm32cubeide_1.8.0/stm32cubeide/plugins/com.st.stm32cube.ide.mcu.externaltools.gnu-tools-for-stm32.9-2020-q2-update.win32_2.0.0.202105311346/tools/bin/../lib/gcc/arm-none-eabi/9.3.1/../../../../arm-none-eabi/lib/thumb/v7e-m+fp/hard/crt0.o (__libc_init_array)
c:/st/stm32cubeide_1.8.0/stm32cubeide/plugins/com.st.stm32cube.ide.mcu.externaltools.gnu-tools-for-stm32.9-2020-q2-update.win32_2.0.0.202105311346/tools/bin/../lib/gcc/arm-none-eabi/9.3.1/../../../../arm-none-eabi/lib/thumb/v7e-m+fp/hard\libc_nano.a(lib_a-memcpy-stub.o)
                              ./Core/Src/rm_imu.o (memcpy)
c:/st/stm32cubeide_1.8.0/stm32cubeide/plugins/com.st.stm32cube.ide.mcu.externaltools.gnu-tools-for-stm32.9-2020-q2-update.win32_2.0.0.202105311346/tools/bin/../lib/gcc/arm-none-eabi/9.3.1/../../../../arm-none-eabi/lib/thumb/v7e-m+fp/hard\libc_nano.a(lib_a-memset.o)
                              c:/st/stm32cubeide_1.8.0/stm32cubeide/plugins/com.st.stm32cube.ide.mcu.externaltools.gnu-tools-for-stm32.9-2020-q2-update.win32_2.0.0.202105311346/tools/bin/../lib/gcc/arm-none-eabi/9.3.1/../../../../arm-none-eabi/lib/thumb/v7e-m+fp/hard/crt0.o (memset)
c:/st/stm32cubeide_1.8.0/stm32cubeide/plugins/com.st.stm32cube.ide.mcu.externaltools.gnu-tools-for-stm32.9-2020-q2-update.win32_2.0.0.202105311346/tools/bin/../lib/gcc/arm-none-eabi/9.3.1/../../../../arm-none-eabi/lib/thumb/v7e-m+fp/hard\libm.a(lib_a-w_asin.o)
                              ./Core/Src/rm_imu.o (asin)
c:/st/stm32cubeide_1.8.0/stm32cubeide/plugins/com.st.stm32cube.ide.mcu.externaltools.gnu-tools-for-stm32.9-2020-q2-update.win32_2.0.0.202105311346/tools/bin/../lib/gcc/arm-none-eabi/9.3.1/../../../../arm-none-eabi/lib/thumb/v7e-m+fp/hard\libm.a(lib_a-w_atan2.o)
                              ./Core/Src/rm_imu.o (atan2)
c:/st/stm32cubeide_1.8.0/stm32cubeide/plugins/com.st.stm32cube.ide.mcu.externaltools.gnu-tools-for-stm32.9-2020-q2-update.win32_2.0.0.202105311346/tools/bin/../lib/gcc/arm-none-eabi/9.3.1/../../../../arm-none-eabi/lib/thumb/v7e-m+fp/hard\libm.a(lib_a-w_fmod.o)
                              ./Core/Src/pid.o (fmod)
c:/st/stm32cubeide_1.8.0/stm32cubeide/plugins/com.st.stm32cube.ide.mcu.externaltools.gnu-tools-for-stm32.9-2020-q2-update.win32_2.0.0.202105311346/tools/bin/../lib/gcc/arm-none-eabi/9.3.1/../../../../arm-none-eabi/lib/thumb/v7e-m+fp/hard\libm.a(lib_a-w_sqrt.o)
                              ./Core/Src/rm_imu.o (sqrt)
c:/st/stm32cubeide_1.8.0/stm32cubeide/plugins/com.st.stm32cube.ide.mcu.externaltools.gnu-tools-for-stm32.9-2020-q2-update.win32_2.0.0.202105311346/tools/bin/../lib/gcc/arm-none-eabi/9.3.1/../../../../arm-none-eabi/lib/thumb/v7e-m+fp/hard\libm.a(lib_a-e_asin.o)
                              c:/st/stm32cubeide_1.8.0/stm32cubeide/plugins/com.st.stm32cube.ide.mcu.externaltools.gnu-tools-for-stm32.9-2020-q2-update.win32_2.0.0.202105311346/tools/bin/../lib/gcc/arm-none-eabi/9.3.1/../../../../arm-none-eabi/lib/thumb/v7e-m+fp/hard\libm.a(lib_a-w_asin.o) (__ieee754_asin)
[...]
Memory Configuration

Name             Origin             Length             Attributes
CCMRAM           0x0000000010000000 0x0000000000010000 xrw
RAM              0x0000000020000000 0x0000000000030000 xrw
FLASH            0x0000000008000000 0x0000000000200000 xr
*default*        0x0000000000000000 0xffffffffffffffff

Linker script and memory map

LOAD c:/st/stm32cubeide_1.8.0/stm32cubeide/plugins/com.st.stm32cube.ide.mcu.externaltools.gnu-tools-for-stm32.9-2020-q2-update.win32_2.0.0.202105311346/tools/bin/../lib/gcc/arm-none-eabi/9.3.1/thumb/v7e-m+fp/hard/crti.o
LOAD c:/st/stm32cubeide_1.8.0/stm32cubeide/plugins/com.st.stm32cube.ide.mcu.externaltools.gnu-tools-for-stm32.9-2020-q2-update.win32_2.0.0.202105311346/tools/bin/../lib/gcc/arm-none-eabi/9.3.1/thumb/v7e-m+fp/hard/crtbegin.o
LOAD c:/st/stm32cubeide_1.8.0/stm32cubeide/plugins/com.st.stm32cube.ide.mcu.externaltools.gnu-tools-for-stm32.9-2020-q2-update.win32_2.0.0.202105311346/tools/bin/../lib/gcc/arm-none-eabi/9.3.1/../../../../arm-none-eabi/lib/thumb/v7e-m+fp/hard/crt0.o
LOAD ./Core/Src/main.o
LOAD ./Core/Src/pid.o
LOAD ./Core/Src/rm_can.o
LOAD ./Core/Src/rm_ctrl.o
LOAD ./Core/Src/rm_gpio.o
LOAD ./Core/Src/rm_imu.o
LOAD ./Core/Src/rm_pwm.o
LOAD ./Core/Src/rm_uart.o
LOAD ./Core/Src/stm32f4xx_hal_msp.o
LOAD ./Core/Src/stm32f4xx_it.o
LOAD ./Core/Src/syscalls.o
LOAD ./Core/Src/sysmem.o
LOAD ./Core/Src/system_stm32f4xx.o
LOAD ./Core/Startup/startup_stm32f427iihx.o
LOAD ./Drivers/STM32F4xx_HAL_Driver/Src/stm32f4xx_hal.o
LOAD ./Drivers/STM32F4xx_HAL_Driver/Src/stm32f4xx_hal_can.o
LOAD ./Drivers/STM32F4xx_HAL_Driver/Src/stm32f4xx_hal_cortex.o
LOAD ./Drivers/STM32F4xx_HAL_Driver/Src/stm32f4xx_hal_dma.o
LOAD ./Drivers/STM32F4xx_HAL_Driver/Src/stm32f4xx_hal_dma_ex.o
LOAD ./Drivers/STM32F4xx_HAL_Driver/Src/stm32f4xx_hal_exti.o
LOAD ./Drivers/STM32F4xx_HAL_Driver/Src/stm32f4xx_hal_flash.o
LOAD ./Drivers/STM32F4xx_HAL_Driver/Src/stm32f4xx_hal_flash_ex.o
LOAD ./Drivers/STM32F4xx_HAL_Driver/Src/stm32f4xx_hal_flash_ramfunc.o
LOAD ./Drivers/STM32F4xx_HAL_Driver/Src/stm32f4xx_hal_gpio.o
LOAD ./Drivers/STM32F4xx_HAL_Driver/Src/stm32f4xx_hal_i2c.o
LOAD ./Drivers/STM32F4xx_HAL_Driver/Src/stm32f4xx_hal_i2c_ex.o
LOAD ./Drivers/STM32F4xx_HAL_Driver/Src/stm32f4xx_hal_pwr.o
LOAD ./Drivers/STM32F4xx_HAL_Driver/Src/stm32f4xx_hal_pwr_ex.o
LOAD ./Drivers/STM32F4xx_HAL_Driver/Src/stm32f4xx_hal_rcc.o
LOAD ./Drivers/STM32F4xx_HAL_Driver/Src/stm32f4xx_hal_rcc_ex.o
LOAD ./Drivers/STM32F4xx_HAL_Driver/Src/stm32f4xx_hal_spi.o
LOAD ./Drivers/STM32F4xx_HAL_Driver/Src/stm32f4xx_hal_tim.o
LOAD ./Drivers/STM32F4xx_HAL_Driver/Src/stm32f4xx_hal_tim_ex.o
LOAD ./Drivers/STM32F4xx_HAL_Driver/Src/stm32f4xx_hal_uart.o
START GROUP
LOAD c:/st/stm32cubeide_1.8.0/stm32cubeide/plugins/com.st.stm32cube.ide.mcu.externaltools.gnu-tools-for-stm32.9-2020-q2-update.win32_2.0.0.202105311346/tools/bin/../lib/gcc/arm-none-eabi/9.3.1/../../../../arm-none-eabi/lib/thumb/v7e-m+fp/hard\libc_nano.a
LOAD c:/st/stm32cubeide_1.8.0/stm32cubeide/plugins/com.st.stm32cube.ide.mcu.externaltools.gnu-tools-for-stm32.9-2020-q2-update.win32_2.0.0.202105311346/tools/bin/../lib/gcc/arm-none-eabi/9.3.1/../../../../arm-none-eabi/lib/thumb/v7e-m+fp/hard\libm.a
END GROUP
START GROUP
LOAD c:/st/stm32cubeide_1.8.0/stm32cubeide/plugins/com.st.stm32cube.ide.mcu.externaltools.gnu-tools-for-stm32.9-2020-q2-update.win32_2.0.0.202105311346/tools/bin/../lib/gcc/arm-none-eabi/9.3.1/thumb/v7e-m+fp/hard\libgcc.a
LOAD c:/st/stm32cubeide_1.8.0/stm32cubeide/plugins/com.st.stm32cube.ide.mcu.externaltools.gnu-tools-for-stm32.9-2020-q2-update.win32_2.0.0.202105311346/tools/bin/../lib/gcc/arm-none-eabi/9.3.1/../../../../arm-none-eabi/lib/thumb/v7e-m+fp/hard\libc_nano.a
END GROUP
START GROUP
LOAD c:/st/stm32cubeide_1.8.0/stm32cubeide/plugins/com.st.stm32cube.ide.mcu.externaltools.gnu-tools-for-stm32.9-2020-q2-update.win32_2.0.0.202105311346/tools/bin/../lib/gcc/arm-none-eabi/9.3.1/thumb/v7e-m+fp/hard\libgcc.a
LOAD c:/st/stm32cubeide_1.8.0/stm32cubeide/plugins/com.st.stm32cube.ide.mcu.externaltools.gnu-tools-for-stm32.9-2020-q2-update.win32_2.0.0.202105311346/tools/bin/../lib/gcc/arm-none-eabi/9.3.1/../../../../arm-none-eabi/lib/thumb/v7e-m+fp/hard\libc_nano.a
LOAD c:/st/stm32cubeide_1.8.0/stm32cubeide/plugins/com.st.stm32cube.ide.mcu.externaltools.gnu-tools-for-stm32.9-2020-q2-update.win32_2.0.0.202105311346/tools/bin/../lib/gcc/arm-none-eabi/9.3.1/../../../../arm-none-eabi/lib/thumb/v7e-m+fp/hard\libnosys.a
END GROUP
START GROUP
LOAD c:/st/stm32cubeide_1.8.0/stm32cubeide/plugins/com.st.stm32cube.ide.mcu.externaltools.gnu-tools-for-stm32.9-2020-q2-update.win32_2.0.0.202105311346/tools/bin/../lib/gcc/arm-none-eabi/9.3.1/thumb/v7e-m+fp/hard\libgcc.a
LOAD c:/st/stm32cubeide_1.8.0/stm32cubeide/plugins/com.st.stm32cube.ide.mcu.externaltools.gnu-tools-for-stm32.9-2020-q2-update.win32_2.0.0.202105311346/tools/bin/../lib/gcc/arm-none-eabi/9.3.1/../../../../arm-none-eabi/lib/thumb/v7e-m+fp/hard\libc_nano.a
LOAD c:/st/stm32cubeide_1.8.0/stm32cubeide/plugins/com.st.stm32cube.ide.mcu.externaltools.gnu-tools-for-stm32.9-2020-q2-update.win32_2.0.0.202105311346/tools/bin/../lib/gcc/arm-none-eabi/9.3.1/../../../../arm-none-eabi/lib/thumb/v7e-m+fp/hard\libnosys.a
END GROUP
LOAD c:/st/stm32cubeide_1.8.0/stm32cubeide/plugins/com.st.stm32cube.ide.mcu.externaltools.gnu-tools-for-stm32.9-2020-q2-update.win32_2.0.0.202105311346/tools/bin/../lib/gcc/arm-none-eabi/9.3.1/thumb/v7e-m+fp/hard/crtend.o
LOAD c:/st/stm32cubeide_1.8.0/stm32cubeide/plugins/com.st.stm32cube.ide.mcu.externaltools.gnu-tools-for-stm32.9-2020-q2-update.win32_2.0.0.202105311346/tools/bin/../lib/gcc/arm-none-eabi/9.3.1/thumb/v7e-m+fp/hard/crtn.o
                0x0000000020030000                _estack = (ORIGIN (RAM) + LENGTH (RAM))
                0x0000000000000200                _Min_Heap_Size = 0x200
                0x0000000000000400                _Min_Stack_Size = 0x400

.isr_vector     0x0000000008000000      0x1ac
                0x0000000008000000                . = ALIGN (0x4)
 *(.isr_vector)
 .isr_vector    0x0000000008000000      0x1ac ./Core/Startup/startup_stm32f427iihx.o
                0x0000000008000000                g_pfnVectors
                0x00000000080001ac                . = ALIGN (0x4)

.text           0x00000000080001ac     0x5c28
                0x00000000080001ac                . = ALIGN (0x4)
 *(.text)
 .text          0x00000000080001ac       0x40 c:/st/stm32cubeide_1.8.0/stm32cubeide/plugins/com.st.stm32cube.ide.mcu.externaltools.gnu-tools-for-stm32.9-2020-q2-update.win32_2.0.0.202105311346/tools/bin/../lib/gcc/arm-none-eabi/9.3.1/thumb/v7e-m+fp/hard/crtbegin.o
 .text          0x00000000080001ec       0x30 c:/st/stm32cubeide_1.8.0/stm32cubeide/plugins/com.st.stm32cube.ide.mcu.externaltools.gnu-tools-for-stm32.9-2020-q2-update.win32_2.0.0.202105311346/tools/bin/../lib/gcc/arm-none-eabi/9.3.1/thumb/v7e-m+fp/hard\libgcc.a(_aeabi_uldivmod.o)
                0x00000000080001ec                __aeabi_uldivmod
 .text          0x000000000800021c      0x2c4 c:/st/stm32cubeide_1.8.0/stm32cubeide/plugins/com.st.stm32cube.ide.mcu.externaltools.gnu-tools-for-stm32.9-2020-q2-update.win32_2.0.0.202105311346/tools/bin/../lib/gcc/arm-none-eabi/9.3.1/thumb/v7e-m+fp/hard\libgcc.a(_udivmoddi4.o)
                0x000000000800021c                __udivmoddi4
 .text          0x00000000080004e0        0x4 c:/st/stm32cubeide_1.8.0/stm32cubeide/plugins/com.st.stm32cube.ide.mcu.externaltools.gnu-tools-for-stm32.9-2020-q2-update.win32_2.0.0.202105311346/tools/bin/../lib/gcc/arm-none-eabi/9.3.1/thumb/v7e-m+fp/hard\libgcc.a(_dvmd_tls.o)
                0x00000000080004e0                __aeabi_idiv0
                0x00000000080004e0                __aeabi_ldiv0
 *(.text*)
 .text.numdataToMSC
                0x00000000080004e4       0x3c ./Core/Src/main.o
                0x00000000080004e4                numdataToMSC
 .text.numdataToLSC
                0x0000000008000520       0x44 ./Core/Src/main.o
                0x0000000008000520                numdataToLSC
 .text.switchToChar
                0x0000000008000564       0x1e ./Core/Src/main.o
                0x0000000008000564                switchToChar
 *fill*         0x0000000008000582        0x2 
 .text.getRCVals
                0x0000000008000584       0x74 ./Core/Src/main.o
                0x0000000008000584                getRCVals
 .text.main     0x00000000080005f8      0x230 ./Core/Src/main.o
                0x00000000080005f8                main
 .text.SystemClock_Config
                0x0000000008000828       0xd4 ./Core/Src/main.o
                0x0000000008000828                SystemClock_Config
 .text.MX_CAN1_Init
                0x00000000080008fc       0x6c ./Core/Src/main.o
 .text.MX_CAN2_Init
                0x0000000008000968       0x6c ./Core/Src/main.o
 .text.MX_I2C3_Init
                0x00000000080009d4       0x80 ./Core/Src/main.o
 .text.MX_SPI5_Init
                0x0000000008000a54       0x6c ./Core/Src/main.o
 .text.MX_TIM2_Init
                0x0000000008000ac0       0xc8 ./Core/Src/main.o
 .text.MX_TIM3_Init
                0x0000000008000b88       0xb4 ./Core/Src/main.o
 .text.MX_TIM4_Init
                0x0000000008000c3c       0xf8 ./Core/Src/main.o
 .text.MX_TIM5_Init
                0x0000000008000d34       0xe0 ./Core/Src/main.o
 .text.MX_TIM12_Init
                0x0000000008000e14       0x8c ./Core/Src/main.o
 .text.MX_UART4_Init
                0x0000000008000ea0       0x54 ./Core/Src/main.o
 .text.MX_UART7_Init
                0x0000000008000ef4       0x54 ./Core/Src/main.o
 .text.MX_USART1_UART_Init
                0x0000000008000f48       0x58 ./Core/Src/main.o
 .text.MX_USART2_UART_Init
                0x0000000008000fa0       0x54 ./Core/Src/main.o
 .text.MX_USART6_UART_Init
                0x0000000008000ff4       0x54 ./Core/Src/main.o
 .text.MX_DMA_Init
                0x0000000008001048       0x7c ./Core/Src/main.o
 .text.MX_GPIO_Init
                0x00000000080010c4      0x1b4 ./Core/Src/main.o
 .text.Error_Handler
                0x0000000008001278        0xe ./Core/Src/main.o
                0x0000000008001278                Error_Handler
 *fill*         0x0000000008001286        0x2 
 .text.HAL_CAN_RxFifo0MsgPendingCallback
                0x0000000008001288       0x4c ./Core/Src/rm_can.o
                0x0000000008001288                HAL_CAN_RxFifo0MsgPendingCallback
 .text.get_motor_measure
                0x00000000080012d4       0x76 ./Core/Src/rm_can.o
                0x00000000080012d4                get_motor_measure
 *fill*         0x000000000800134a        0x2 
 .text.led_off  0x000000000800134c       0x28 ./Core/Src/rm_gpio.o
                0x000000000800134c                led_off
 .text.power_on
                0x0000000008001374       0x18 ./Core/Src/rm_gpio.o
                0x0000000008001374                power_on
 .text.uart_receive_dma_no_it
                0x000000000800138c       0x76 ./Core/Src/rm_uart.o
 .text.dma_current_data_counter
                0x0000000008001402       0x1a ./Core/Src/rm_uart.o
                0x0000000008001402                dma_current_data_counter
 .text.rc_callback_handler
                0x000000000800141c      0x228 ./Core/Src/rm_uart.o
                0x000000000800141c                rc_callback_handler
 .text.uart_rx_idle_callback
                0x0000000008001644       0x8c ./Core/Src/rm_uart.o
 .text.uart_receive_handler
                0x00000000080016d0       0x32 ./Core/Src/rm_uart.o
                0x00000000080016d0                uart_receive_handler
 *fill*         0x0000000008001702        0x2 
 .text.dbus_uart_init
                0x0000000008001704       0x48 ./Core/Src/rm_uart.o
                0x0000000008001704                dbus_uart_init
 .text.HAL_MspInit
                0x000000000800174c       0x50 ./Core/Src/stm32f4xx_hal_msp.o
                0x000000000800174c                HAL_MspInit
 .text.HAL_CAN_MspInit
                0x000000000800179c      0x180 ./Core/Src/stm32f4xx_hal_msp.o
                0x000000000800179c                HAL_CAN_MspInit
 .text.HAL_I2C_MspInit
                0x000000000800191c       0xd4 ./Core/Src/stm32f4xx_hal_msp.o
                0x000000000800191c                HAL_I2C_MspInit
 .text.HAL_SPI_MspInit
                0x00000000080019f0       0x90 ./Core/Src/stm32f4xx_hal_msp.o
                0x00000000080019f0                HAL_SPI_MspInit
 .text.HAL_TIM_PWM_MspInit
                0x0000000008001a80       0xf0 ./Core/Src/stm32f4xx_hal_msp.o
                0x0000000008001a80                HAL_TIM_PWM_MspInit
 .text.HAL_TIM_MspPostInit
                0x0000000008001b70      0x1b0 ./Core/Src/stm32f4xx_hal_msp.o
                0x0000000008001b70                HAL_TIM_MspPostInit
 .text.HAL_UART_MspInit
                0x0000000008001d20      0x3bc ./Core/Src/stm32f4xx_hal_msp.o
                0x0000000008001d20                HAL_UART_MspInit
 .text.NMI_Handler
                0x00000000080020dc        0xe ./Core/Src/stm32f4xx_it.o
                0x00000000080020dc                NMI_Handler
 .text.HardFault_Handler
                0x00000000080020ea        0x6 ./Core/Src/stm32f4xx_it.o
                0x00000000080020ea                HardFault_Handler
 .text.MemManage_Handler
                0x00000000080020f0        0x6 ./Core/Src/stm32f4xx_it.o
                0x00000000080020f0                MemManage_Handler
 .text.BusFault_Handler
                0x00000000080020f6        0x6 ./Core/Src/stm32f4xx_it.o
                0x00000000080020f6                BusFault_Handler
 .text.UsageFault_Handler
                0x00000000080020fc        0x6 ./Core/Src/stm32f4xx_it.o
                0x00000000080020fc                UsageFault_Handler
 .text.SVC_Handler
                0x0000000008002102        0xe ./Core/Src/stm32f4xx_it.o
                0x0000000008002102                SVC_Handler
 .text.DebugMon_Handler
                0x0000000008002110        0xe ./Core/Src/stm32f4xx_it.o
                0x0000000008002110                DebugMon_Handler
 .text.PendSV_Handler
                0x000000000800211e        0xe ./Core/Src/stm32f4xx_it.o
                0x000000000800211e                PendSV_Handler
 .text.SysTick_Handler
                0x000000000800212c        0xc ./Core/Src/stm32f4xx_it.o
                0x000000000800212c                SysTick_Handler
 .text.DMA1_Stream5_IRQHandler
                0x0000000008002138       0x14 ./Core/Src/stm32f4xx_it.o
                0x0000000008002138                DMA1_Stream5_IRQHandler
 .text.DMA1_Stream6_IRQHandler
                0x000000000800214c       0x14 ./Core/Src/stm32f4xx_it.o
                0x000000000800214c                DMA1_Stream6_IRQHandler
 .text.CAN1_TX_IRQHandler
                0x0000000008002160       0x14 ./Core/Src/stm32f4xx_it.o
                0x0000000008002160                CAN1_TX_IRQHandler
 .text.CAN1_RX0_IRQHandler
                0x0000000008002174       0x14 ./Core/Src/stm32f4xx_it.o
                0x0000000008002174                CAN1_RX0_IRQHandler
 .text.USART1_IRQHandler
                0x0000000008002188       0x18 ./Core/Src/stm32f4xx_it.o
                0x0000000008002188                USART1_IRQHandler
 .text.USART2_IRQHandler
                0x00000000080021a0       0x14 ./Core/Src/stm32f4xx_it.o
                0x00000000080021a0                USART2_IRQHandler
 .text.UART4_IRQHandler
                0x00000000080021b4       0x14 ./Core/Src/stm32f4xx_it.o
                0x00000000080021b4                UART4_IRQHandler
 .text.DMA2_Stream2_IRQHandler
                0x00000000080021c8       0x14 ./Core/Src/stm32f4xx_it.o
                0x00000000080021c8                DMA2_Stream2_IRQHandler
 .text.CAN2_TX_IRQHandler
                0x00000000080021dc       0x14 ./Core/Src/stm32f4xx_it.o
                0x00000000080021dc                CAN2_TX_IRQHandler
 .text.CAN2_RX0_IRQHandler
                0x00000000080021f0       0x14 ./Core/Src/stm32f4xx_it.o
                0x00000000080021f0                CAN2_RX0_IRQHandler
 .text.USART6_IRQHandler
                0x0000000008002204       0x14 ./Core/Src/stm32f4xx_it.o
                0x0000000008002204                USART6_IRQHandler
 .text.SystemInit
                0x0000000008002218       0x2c ./Core/Src/system_stm32f4xx.o
                0x0000000008002218                SystemInit
 .text.Reset_Handler
                0x0000000008002244       0x50 ./Core/Startup/startup_stm32f427iihx.o
                0x0000000008002244                Reset_Handler
 .text.Default_Handler
                0x0000000008002294        0x2 ./Core/Startup/startup_stm32f427iihx.o
                0x0000000008002294                RTC_Alarm_IRQHandler
                0x0000000008002294                HASH_RNG_IRQHandler
                0x0000000008002294                EXTI2_IRQHandler
                0x0000000008002294                TIM8_CC_IRQHandler
                0x0000000008002294                UART8_IRQHandler
                0x0000000008002294                SPI4_IRQHandler
                0x0000000008002294                TIM1_CC_IRQHandler
                0x0000000008002294                DMA2_Stream5_IRQHandler
                0x0000000008002294                PVD_IRQHandler
                0x0000000008002294                SDIO_IRQHandler
                0x0000000008002294                TAMP_STAMP_IRQHandler
                0x0000000008002294                CAN2_RX1_IRQHandler
                0x0000000008002294                EXTI3_IRQHandler
                0x0000000008002294                TIM8_TRG_COM_TIM14_IRQHandler
                0x0000000008002294                TIM1_UP_TIM10_IRQHandler
                0x0000000008002294                TIM8_UP_TIM13_IRQHandler
                0x0000000008002294                I2C3_ER_IRQHandler
                0x0000000008002294                EXTI0_IRQHandler
                0x0000000008002294                I2C2_EV_IRQHandler
                0x0000000008002294                DMA1_Stream2_IRQHandler
                0x0000000008002294                FPU_IRQHandler
                0x0000000008002294                OTG_HS_WKUP_IRQHandler
                0x0000000008002294                CAN2_SCE_IRQHandler
                0x0000000008002294                SPI1_IRQHandler
                0x0000000008002294                TIM6_DAC_IRQHandler
                0x0000000008002294                TIM1_BRK_TIM9_IRQHandler
                0x0000000008002294                DCMI_IRQHandler
                0x0000000008002294                DMA2_Stream3_IRQHandler
                0x0000000008002294                USART3_IRQHandler
                0x0000000008002294                CAN1_RX1_IRQHandler
                0x0000000008002294                UART5_IRQHandler
                0x0000000008002294                DMA2_Stream0_IRQHandler
                0x0000000008002294                TIM4_IRQHandler
                0x0000000008002294                I2C1_EV_IRQHandler
                0x0000000008002294                DMA1_Stream1_IRQHandler
                0x0000000008002294                TIM3_IRQHandler
                0x0000000008002294                RCC_IRQHandler
                0x0000000008002294                TIM8_BRK_TIM12_IRQHandler
                0x0000000008002294                Default_Handler
                0x0000000008002294                EXTI15_10_IRQHandler
                0x0000000008002294                ADC_IRQHandler
                0x0000000008002294                DMA1_Stream7_IRQHandler
                0x0000000008002294                SPI5_IRQHandler
                0x0000000008002294                TIM7_IRQHandler
                0x0000000008002294                TIM5_IRQHandler
                0x0000000008002294                DMA2_Stream7_IRQHandler
                0x0000000008002294                I2C3_EV_IRQHandler
                0x0000000008002294                EXTI9_5_IRQHandler
                0x0000000008002294                RTC_WKUP_IRQHandler
                0x0000000008002294                ETH_WKUP_IRQHandler
                0x0000000008002294                SPI2_IRQHandler
                0x0000000008002294                OTG_HS_EP1_IN_IRQHandler
                0x0000000008002294                DMA1_Stream0_IRQHandler
                0x0000000008002294                EXTI4_IRQHandler
                0x0000000008002294                ETH_IRQHandler
                0x0000000008002294                OTG_HS_EP1_OUT_IRQHandler
                0x0000000008002294                WWDG_IRQHandler
                0x0000000008002294                SPI6_IRQHandler
                0x0000000008002294                TIM2_IRQHandler
                0x0000000008002294                OTG_FS_WKUP_IRQHandler
                0x0000000008002294                TIM1_TRG_COM_TIM11_IRQHandler
                0x0000000008002294                OTG_HS_IRQHandler
                0x0000000008002294                DMA2D_IRQHandler
                0x0000000008002294                EXTI1_IRQHandler
                0x0000000008002294                UART7_IRQHandler
                0x0000000008002294                I2C2_ER_IRQHandler
                0x0000000008002294                DMA2_Stream1_IRQHandler
                0x0000000008002294                CAN1_SCE_IRQHandler
                0x0000000008002294                FLASH_IRQHandler
                0x0000000008002294                DMA2_Stream4_IRQHandler
                0x0000000008002294                OTG_FS_IRQHandler
                0x0000000008002294                SPI3_IRQHandler
                0x0000000008002294                DMA1_Stream4_IRQHandler
                0x0000000008002294                I2C1_ER_IRQHandler
                0x0000000008002294                FMC_IRQHandler
                0x0000000008002294                DMA2_Stream6_IRQHandler
                0x0000000008002294                SAI1_IRQHandler
                0x0000000008002294                DMA1_Stream3_IRQHandler
 *fill*         0x0000000008002296        0x2 
 .text.HAL_Init
                0x0000000008002298       0x44 ./Drivers/STM32F4xx_HAL_Driver/Src/stm32f4xx_hal.o
                0x0000000008002298                HAL_Init
 .text.HAL_InitTick
                0x00000000080022dc       0x60 ./Drivers/STM32F4xx_HAL_Driver/Src/stm32f4xx_hal.o
                0x00000000080022dc                HAL_InitTick
 .text.HAL_IncTick
                0x000000000800233c       0x28 ./Drivers/STM32F4xx_HAL_Driver/Src/stm32f4xx_hal.o
                0x000000000800233c                HAL_IncTick
 .text.HAL_GetTick
                0x0000000008002364       0x18 ./Drivers/STM32F4xx_HAL_Driver/Src/stm32f4xx_hal.o
                0x0000000008002364                HAL_GetTick
 .text.HAL_Delay
                0x000000000800237c       0x48 ./Drivers/STM32F4xx_HAL_Driver/Src/stm32f4xx_hal.o
                0x000000000800237c                HAL_Delay
 .text.HAL_CAN_Init
                0x00000000080023c4      0x1f6 ./Drivers/STM32F4xx_HAL_Driver/Src/stm32f4xx_hal_can.o
                0x00000000080023c4                HAL_CAN_Init
 .text.HAL_CAN_GetRxMessage
                0x00000000080025ba      0x224 ./Drivers/STM32F4xx_HAL_Driver/Src/stm32f4xx_hal_can.o
                0x00000000080025ba                HAL_CAN_GetRxMessage
 .text.HAL_CAN_IRQHandler
                0x00000000080027de      0x36e ./Drivers/STM32F4xx_HAL_Driver/Src/stm32f4xx_hal_can.o
                0x00000000080027de                HAL_CAN_IRQHandler
 .text.HAL_CAN_TxMailbox0CompleteCallback
                0x0000000008002b4c       0x14 ./Drivers/STM32F4xx_HAL_Driver/Src/stm32f4xx_hal_can.o
                0x0000000008002b4c                HAL_CAN_TxMailbox0CompleteCallback
 .text.HAL_CAN_TxMailbox1CompleteCallback
                0x0000000008002b60       0x14 ./Drivers/STM32F4xx_HAL_Driver/Src/stm32f4xx_hal_can.o
                0x0000000008002b60                HAL_CAN_TxMailbox1CompleteCallback
 .text.HAL_CAN_TxMailbox2CompleteCallback
                0x0000000008002b74       0x14 ./Drivers/STM32F4xx_HAL_Driver/Src/stm32f4xx_hal_can.o
                0x0000000008002b74                HAL_CAN_TxMailbox2CompleteCallback
 .text.HAL_CAN_TxMailbox0AbortCallback
                0x0000000008002b88       0x14 ./Drivers/STM32F4xx_HAL_Driver/Src/stm32f4xx_hal_can.o
                0x0000000008002b88                HAL_CAN_TxMailbox0AbortCallback
 .text.HAL_CAN_TxMailbox1AbortCallback
                0x0000000008002b9c       0x14 ./Drivers/STM32F4xx_HAL_Driver/Src/stm32f4xx_hal_can.o
                0x0000000008002b9c                HAL_CAN_TxMailbox1AbortCallback
 .text.HAL_CAN_TxMailbox2AbortCallback
                0x0000000008002bb0       0x14 ./Drivers/STM32F4xx_HAL_Driver/Src/stm32f4xx_hal_can.o
                0x0000000008002bb0                HAL_CAN_TxMailbox2AbortCallback
 .text.HAL_CAN_RxFifo0FullCallback
                0x0000000008002bc4       0x14 ./Drivers/STM32F4xx_HAL_Driver/Src/stm32f4xx_hal_can.o
                0x0000000008002bc4                HAL_CAN_RxFifo0FullCallback
 .text.HAL_CAN_RxFifo1MsgPendingCallback
                0x0000000008002bd8       0x14 ./Drivers/STM32F4xx_HAL_Driver/Src/stm32f4xx_hal_can.o
                0x0000000008002bd8                HAL_CAN_RxFifo1MsgPendingCallback
 .text.HAL_CAN_RxFifo1FullCallback
                0x0000000008002bec       0x14 ./Drivers/STM32F4xx_HAL_Driver/Src/stm32f4xx_hal_can.o
                0x0000000008002bec                HAL_CAN_RxFifo1FullCallback
 .text.HAL_CAN_SleepCallback
                0x0000000008002c00       0x14 ./Drivers/STM32F4xx_HAL_Driver/Src/stm32f4xx_hal_can.o
                0x0000000008002c00                HAL_CAN_SleepCallback
 .text.HAL_CAN_WakeUpFromRxMsgCallback
                0x0000000008002c14       0x14 ./Drivers/STM32F4xx_HAL_Driver/Src/stm32f4xx_hal_can.o
                0x0000000008002c14                HAL_CAN_WakeUpFromRxMsgCallback
 .text.HAL_CAN_ErrorCallback
                0x0000000008002c28       0x14 ./Drivers/STM32F4xx_HAL_Driver/Src/stm32f4xx_hal_can.o
                0x0000000008002c28                HAL_CAN_ErrorCallback
 .text.__NVIC_SetPriorityGrouping
                0x0000000008002c3c       0x48 ./Drivers/STM32F4xx_HAL_Driver/Src/stm32f4xx_hal_cortex.o
 .text.__NVIC_GetPriorityGrouping
                0x0000000008002c84       0x1c ./Drivers/STM32F4xx_HAL_Driver/Src/stm32f4xx_hal_cortex.o
 .text.__NVIC_EnableIRQ
                0x0000000008002ca0       0x3c ./Drivers/STM32F4xx_HAL_Driver/Src/stm32f4xx_hal_cortex.o
 .text.__NVIC_SetPriority
                0x0000000008002cdc       0x54 ./Drivers/STM32F4xx_HAL_Driver/Src/stm32f4xx_hal_cortex.o
 .text.NVIC_EncodePriority
                0x0000000008002d30       0x66 ./Drivers/STM32F4xx_HAL_Driver/Src/stm32f4xx_hal_cortex.o
 *fill*         0x0000000008002d96        0x2 
 .text.SysTick_Config
                0x0000000008002d98       0x44 ./Drivers/STM32F4xx_HAL_Driver/Src/stm32f4xx_hal_cortex.o
 .text.HAL_NVIC_SetPriorityGrouping
                0x0000000008002ddc       0x16 ./Drivers/STM32F4xx_HAL_Driver/Src/stm32f4xx_hal_cortex.o
                0x0000000008002ddc                HAL_NVIC_SetPriorityGrouping
 .text.HAL_NVIC_SetPriority
                0x0000000008002df2       0x38 ./Drivers/STM32F4xx_HAL_Driver/Src/stm32f4xx_hal_cortex.o
                0x0000000008002df2                HAL_NVIC_SetPriority
 .text.HAL_NVIC_EnableIRQ
                0x0000000008002e2a       0x1c ./Drivers/STM32F4xx_HAL_Driver/Src/stm32f4xx_hal_cortex.o
                0x0000000008002e2a                HAL_NVIC_EnableIRQ
 .text.HAL_SYSTICK_Config
                0x0000000008002e46       0x18 ./Drivers/STM32F4xx_HAL_Driver/Src/stm32f4xx_hal_cortex.o
                0x0000000008002e46                HAL_SYSTICK_Config
 *fill*         0x0000000008002e5e        0x2 
 .text.HAL_DMA_Init
                0x0000000008002e60      0x15c ./Drivers/STM32F4xx_HAL_Driver/Src/stm32f4xx_hal_dma.o
                0x0000000008002e60                HAL_DMA_Init
 .text.HAL_DMA_Start
                0x0000000008002fbc       0x76 ./Drivers/STM32F4xx_HAL_Driver/Src/stm32f4xx_hal_dma.o
                0x0000000008002fbc                HAL_DMA_Start
 .text.HAL_DMA_Abort
                0x0000000008003032       0xe0 ./Drivers/STM32F4xx_HAL_Driver/Src/stm32f4xx_hal_dma.o
                0x0000000008003032                HAL_DMA_Abort
 .text.HAL_DMA_Abort_IT
                0x0000000008003112       0x44 ./Drivers/STM32F4xx_HAL_Driver/Src/stm32f4xx_hal_dma.o
                0x0000000008003112                HAL_DMA_Abort_IT
 *fill*         0x0000000008003156        0x2 
 .text.HAL_DMA_IRQHandler
                0x0000000008003158      0x314 ./Drivers/STM32F4xx_HAL_Driver/Src/stm32f4xx_hal_dma.o
                0x0000000008003158                HAL_DMA_IRQHandler
 .text.DMA_SetConfig
                0x000000000800346c       0x5c ./Drivers/STM32F4xx_HAL_Driver/Src/stm32f4xx_hal_dma.o
 .text.DMA_CalcBaseAndBitshift
                0x00000000080034c8       0x6c ./Drivers/STM32F4xx_HAL_Driver/Src/stm32f4xx_hal_dma.o
 .text.DMA_CheckFifoParam
                0x0000000008003534       0xf8 ./Drivers/STM32F4xx_HAL_Driver/Src/stm32f4xx_hal_dma.o
 .text.HAL_GPIO_Init
                0x000000000800362c      0x358 ./Drivers/STM32F4xx_HAL_Driver/Src/stm32f4xx_hal_gpio.o
                0x000000000800362c                HAL_GPIO_Init
 .text.HAL_GPIO_WritePin
                0x0000000008003984       0x32 ./Drivers/STM32F4xx_HAL_Driver/Src/stm32f4xx_hal_gpio.o
                0x0000000008003984                HAL_GPIO_WritePin
 *fill*         0x00000000080039b6        0x2 
 .text.HAL_I2C_Init
                0x00000000080039b8      0x288 ./Drivers/STM32F4xx_HAL_Driver/Src/stm32f4xx_hal_i2c.o
                0x00000000080039b8                HAL_I2C_Init
 .text.HAL_I2CEx_ConfigAnalogFilter
                0x0000000008003c40       0x78 ./Drivers/STM32F4xx_HAL_Driver/Src/stm32f4xx_hal_i2c_ex.o
                0x0000000008003c40                HAL_I2CEx_ConfigAnalogFilter
 .text.HAL_I2CEx_ConfigDigitalFilter
                0x0000000008003cb8       0x7e ./Drivers/STM32F4xx_HAL_Driver/Src/stm32f4xx_hal_i2c_ex.o
                0x0000000008003cb8                HAL_I2CEx_ConfigDigitalFilter
 *fill*         0x0000000008003d36        0x2 
 .text.HAL_RCC_OscConfig
                0x0000000008003d38      0x4f0 ./Drivers/STM32F4xx_HAL_Driver/Src/stm32f4xx_hal_rcc.o
                0x0000000008003d38                HAL_RCC_OscConfig
 .text.HAL_RCC_ClockConfig
                0x0000000008004228      0x1cc ./Drivers/STM32F4xx_HAL_Driver/Src/stm32f4xx_hal_rcc.o
                0x0000000008004228                HAL_RCC_ClockConfig
 .text.HAL_RCC_GetSysClockFreq
                0x00000000080043f4      0x16c ./Drivers/STM32F4xx_HAL_Driver/Src/stm32f4xx_hal_rcc.o
                0x00000000080043f4                HAL_RCC_GetSysClockFreq
 .text.HAL_RCC_GetHCLKFreq
                0x0000000008004560       0x18 ./Drivers/STM32F4xx_HAL_Driver/Src/stm32f4xx_hal_rcc.o
                0x0000000008004560                HAL_RCC_GetHCLKFreq
 .text.HAL_RCC_GetPCLK1Freq
                0x0000000008004578       0x28 ./Drivers/STM32F4xx_HAL_Driver/Src/stm32f4xx_hal_rcc.o
                0x0000000008004578                HAL_RCC_GetPCLK1Freq
 .text.HAL_RCC_GetPCLK2Freq
                0x00000000080045a0       0x28 ./Drivers/STM32F4xx_HAL_Driver/Src/stm32f4xx_hal_rcc.o
                0x00000000080045a0                HAL_RCC_GetPCLK2Freq
 .text.HAL_SPI_Init
                0x00000000080045c8      0x112 ./Drivers/STM32F4xx_HAL_Driver/Src/stm32f4xx_hal_spi.o
                0x00000000080045c8                HAL_SPI_Init
 .text.HAL_TIM_PWM_Init
                0x00000000080046da       0x9e ./Drivers/STM32F4xx_HAL_Driver/Src/stm32f4xx_hal_tim.o
                0x00000000080046da                HAL_TIM_PWM_Init
 .text.HAL_TIM_PWM_ConfigChannel
                0x0000000008004778      0x184 ./Drivers/STM32F4xx_HAL_Driver/Src/stm32f4xx_hal_tim.o
                0x0000000008004778                HAL_TIM_PWM_ConfigChannel
 .text.TIM_Base_SetConfig
                0x00000000080048fc      0x140 ./Drivers/STM32F4xx_HAL_Driver/Src/stm32f4xx_hal_tim.o
                0x00000000080048fc                TIM_Base_SetConfig
 .text.TIM_OC1_SetConfig
                0x0000000008004a3c       0xe0 ./Drivers/STM32F4xx_HAL_Driver/Src/stm32f4xx_hal_tim.o
 .text.TIM_OC2_SetConfig
                0x0000000008004b1c       0xec ./Drivers/STM32F4xx_HAL_Driver/Src/stm32f4xx_hal_tim.o
                0x0000000008004b1c                TIM_OC2_SetConfig
 .text.TIM_OC3_SetConfig
                0x0000000008004c08       0xe8 ./Drivers/STM32F4xx_HAL_Driver/Src/stm32f4xx_hal_tim.o
 .text.TIM_OC4_SetConfig
                0x0000000008004cf0       0xac ./Drivers/STM32F4xx_HAL_Driver/Src/stm32f4xx_hal_tim.o
 .text.HAL_TIMEx_MasterConfigSynchronization
                0x0000000008004d9c       0xf8 ./Drivers/STM32F4xx_HAL_Driver/Src/stm32f4xx_hal_tim_ex.o
                0x0000000008004d9c                HAL_TIMEx_MasterConfigSynchronization
 .text.HAL_UART_Init
                0x0000000008004e94       0x9a ./Drivers/STM32F4xx_HAL_Driver/Src/stm32f4xx_hal_uart.o
                0x0000000008004e94                HAL_UART_Init
 .text.HAL_UART_Transmit
                0x0000000008004f2e      0x124 ./Drivers/STM32F4xx_HAL_Driver/Src/stm32f4xx_hal_uart.o
                0x0000000008004f2e                HAL_UART_Transmit
 *fill*         0x0000000008005052        0x2 
 .text.HAL_UART_IRQHandler
                0x0000000008005054      0x51c ./Drivers/STM32F4xx_HAL_Driver/Src/stm32f4xx_hal_uart.o
                0x0000000008005054                HAL_UART_IRQHandler
 .text.HAL_UART_TxCpltCallback
                0x0000000008005570       0x14 ./Drivers/STM32F4xx_HAL_Driver/Src/stm32f4xx_hal_uart.o
                0x0000000008005570                HAL_UART_TxCpltCallback
 .text.HAL_UART_RxCpltCallback
                0x0000000008005584       0x14 ./Drivers/STM32F4xx_HAL_Driver/Src/stm32f4xx_hal_uart.o
                0x0000000008005584                HAL_UART_RxCpltCallback
 .text.HAL_UART_ErrorCallback
                0x0000000008005598       0x14 ./Drivers/STM32F4xx_HAL_Driver/Src/stm32f4xx_hal_uart.o
                0x0000000008005598                HAL_UART_ErrorCallback
 .text.HAL_UARTEx_RxEventCallback
                0x00000000080055ac       0x18 ./Drivers/STM32F4xx_HAL_Driver/Src/stm32f4xx_hal_uart.o
                0x00000000080055ac                HAL_UARTEx_RxEventCallback
 .text.UART_WaitOnFlagUntilTimeout
                0x00000000080055c4       0xdc ./Drivers/STM32F4xx_HAL_Driver/Src/stm32f4xx_hal_uart.o
 .text.UART_EndRxTransfer
                0x00000000080056a0       0xc6 ./Drivers/STM32F4xx_HAL_Driver/Src/stm32f4xx_hal_uart.o
 .text.UART_DMAAbortOnError
                0x0000000008005766       0x28 ./Drivers/STM32F4xx_HAL_Driver/Src/stm32f4xx_hal_uart.o
 .text.UART_Transmit_IT
                0x000000000800578e       0xa0 ./Drivers/STM32F4xx_HAL_Driver/Src/stm32f4xx_hal_uart.o
 .text.UART_EndTransmit_IT
                0x000000000800582e       0x30 ./Drivers/STM32F4xx_HAL_Driver/Src/stm32f4xx_hal_uart.o
 .text.UART_Receive_IT
                0x000000000800585e      0x176 ./Drivers/STM32F4xx_HAL_Driver/Src/stm32f4xx_hal_uart.o
 .text.UART_SetConfig
                0x00000000080059d4      0x390 ./Drivers/STM32F4xx_HAL_Driver/Src/stm32f4xx_hal_uart.o
 .text.__libc_init_array
                0x0000000008005d64       0x48 c:/st/stm32cubeide_1.8.0/stm32cubeide/plugins/com.st.stm32cube.ide.mcu.externaltools.gnu-tools-for-stm32.9-2020-q2-update.win32_2.0.0.202105311346/tools/bin/../lib/gcc/arm-none-eabi/9.3.1/../../../../arm-none-eabi/lib/thumb/v7e-m+fp/hard\libc_nano.a(lib_a-init.o)
                0x0000000008005d64                __libc_init_array
 .text.memset   0x0000000008005dac       0x10 c:/st/stm32cubeide_1.8.0/stm32cubeide/plugins/com.st.stm32cube.ide.mcu.externaltools.gnu-tools-for-stm32.9-2020-q2-update.win32_2.0.0.202105311346/tools/bin/../lib/gcc/arm-none-eabi/9.3.1/../../../../arm-none-eabi/lib/thumb/v7e-m+fp/hard\libc_nano.a(lib_a-memset.o)
                0x0000000008005dac                memset
 *(.glue_7)
 .glue_7        0x0000000008005dbc        0x0 linker stubs
 *(.glue_7t)
 .glue_7t       0x0000000008005dbc        0x0 linker stubs
 *(.eh_frame)
 .eh_frame      0x0000000008005dbc        0x0 c:/st/stm32cubeide_1.8.0/stm32cubeide/plugins/com.st.stm32cube.ide.mcu.externaltools.gnu-tools-for-stm32.9-2020-q2-update.win32_2.0.0.202105311346/tools/bin/../lib/gcc/arm-none-eabi/9.3.1/thumb/v7e-m+fp/hard/crtbegin.o
 *(.init)
 .init          0x0000000008005dbc        0x4 c:/st/stm32cubeide_1.8.0/stm32cubeide/plugins/com.st.stm32cube.ide.mcu.externaltools.gnu-tools-for-stm32.9-2020-q2-update.win32_2.0.0.202105311346/tools/bin/../lib/gcc/arm-none-eabi/9.3.1/thumb/v7e-m+fp/hard/crti.o
                0x0000000008005dbc                _init
 .init          0x0000000008005dc0        0x8 c:/st/stm32cubeide_1.8.0/stm32cubeide/plugins/com.st.stm32cube.ide.mcu.externaltools.gnu-tools-for-stm32.9-2020-q2-update.win32_2.0.0.202105311346/tools/bin/../lib/gcc/arm-none-eabi/9.3.1/thumb/v7e-m+fp/hard/crtn.o
 *(.fini)
 .fini          0x0000000008005dc8        0x4 c:/st/stm32cubeide_1.8.0/stm32cubeide/plugins/com.st.stm32cube.ide.mcu.externaltools.gnu-tools-for-stm32.9-2020-q2-update.win32_2.0.0.202105311346/tools/bin/../lib/gcc/arm-none-eabi/9.3.1/thumb/v7e-m+fp/hard/crti.o
                0x0000000008005dc8                _fini
 .fini          0x0000000008005dcc        0x8 c:/st/stm32cubeide_1.8.0/stm32cubeide/plugins/com.st.stm32cube.ide.mcu.externaltools.gnu-tools-for-stm32.9-2020-q2-update.win32_2.0.0.202105311346/tools/bin/../lib/gcc/arm-none-eabi/9.3.1/thumb/v7e-m+fp/hard/crtn.o
                0x0000000008005dd4                . = ALIGN (0x4)
                0x0000000008005dd4                _etext = .

.vfp11_veneer   0x0000000008005dd4        0x0
 .vfp11_veneer  0x0000000008005dd4        0x0 linker stubs

.v4_bx          0x0000000008005dd4        0x0
 .v4_bx         0x0000000008005dd4        0x0 linker stubs

.iplt           0x0000000008005dd4        0x0
 .iplt          0x0000000008005dd4        0x0 c:/st/stm32cubeide_1.8.0/stm32cubeide/plugins/com.st.stm32cube.ide.mcu.externaltools.gnu-tools-for-stm32.9-2020-q2-update.win32_2.0.0.202105311346/tools/bin/../lib/gcc/arm-none-eabi/9.3.1/thumb/v7e-m+fp/hard/crtbegin.o

.rodata         0x0000000008005dd4       0x20
                0x0000000008005dd4                . = ALIGN (0x4)
 *(.rodata)
 *(.rodata*)
 .rodata.AHBPrescTable
                0x0000000008005dd4       0x10 ./Core/Src/system_stm32f4xx.o
                0x0000000008005dd4                AHBPrescTable
 .rodata.APBPrescTable
                0x0000000008005de4        0x8 ./Core/Src/system_stm32f4xx.o
                0x0000000008005de4                APBPrescTable
 .rodata.flagBitshiftOffset.8927
                0x0000000008005dec        0x8 ./Drivers/STM32F4xx_HAL_Driver/Src/stm32f4xx_hal_dma.o
                0x0000000008005df4                . = ALIGN (0x4)

.ARM.extab      0x0000000008005df4        0x0
                0x0000000008005df4                . = ALIGN (0x4)
 *(.ARM.extab* .gnu.linkonce.armextab.*)
                0x0000000008005df4                . = ALIGN (0x4)

.ARM            0x0000000008005df4        0x8
                0x0000000008005df4                . = ALIGN (0x4)
                0x0000000008005df4                __exidx_start = .
 *(.ARM.exidx*)
 .ARM.exidx     0x0000000008005df4        0x8 c:/st/stm32cubeide_1.8.0/stm32cubeide/plugins/com.st.stm32cube.ide.mcu.externaltools.gnu-tools-for-stm32.9-2020-q2-update.win32_2.0.0.202105311346/tools/bin/../lib/gcc/arm-none-eabi/9.3.1/thumb/v7e-m+fp/hard\libgcc.a(_udivmoddi4.o)
                0x0000000008005dfc                __exidx_end = .
                0x0000000008005dfc                . = ALIGN (0x4)

.rel.dyn        0x0000000008005dfc        0x0
 .rel.iplt      0x0000000008005dfc        0x0 c:/st/stm32cubeide_1.8.0/stm32cubeide/plugins/com.st.stm32cube.ide.mcu.externaltools.gnu-tools-for-stm32.9-2020-q2-update.win32_2.0.0.202105311346/tools/bin/../lib/gcc/arm-none-eabi/9.3.1/thumb/v7e-m+fp/hard/crtbegin.o

.preinit_array  0x0000000008005dfc        0x0
                0x0000000008005dfc                . = ALIGN (0x4)
                0x0000000008005dfc                PROVIDE (__preinit_array_start = .)
 *(.preinit_array*)
                0x0000000008005dfc                PROVIDE (__preinit_array_end = .)
                0x0000000008005dfc                . = ALIGN (0x4)

.init_array     0x0000000008005dfc        0x4
                0x0000000008005dfc                . = ALIGN (0x4)
                0x0000000008005dfc                PROVIDE (__init_array_start = .)
 *(SORT_BY_NAME(.init_array.*))
 *(.init_array*)
 .init_array    0x0000000008005dfc        0x4 c:/st/stm32cubeide_1.8.0/stm32cubeide/plugins/com.st.stm32cube.ide.mcu.externaltools.gnu-tools-for-stm32.9-2020-q2-update.win32_2.0.0.202105311346/tools/bin/../lib/gcc/arm-none-eabi/9.3.1/thumb/v7e-m+fp/hard/crtbegin.o
                0x0000000008005e00                PROVIDE (__init_array_end = .)
                0x0000000008005e00                . = ALIGN (0x4)

.fini_array     0x0000000008005e00        0x4
                0x0000000008005e00                . = ALIGN (0x4)
                [!provide]                        PROVIDE (__fini_array_start = .)
 *(SORT_BY_NAME(.fini_array.*))
 *(.fini_array*)
 .fini_array    0x0000000008005e00        0x4 c:/st/stm32cubeide_1.8.0/stm32cubeide/plugins/com.st.stm32cube.ide.mcu.externaltools.gnu-tools-for-stm32.9-2020-q2-update.win32_2.0.0.202105311346/tools/bin/../lib/gcc/arm-none-eabi/9.3.1/thumb/v7e-m+fp/hard/crtbegin.o
                [!provide]                        PROVIDE (__fini_array_end = .)
                0x0000000008005e04                . = ALIGN (0x4)
                0x0000000008005e04                _sidata = LOADADDR (.data)

.data           0x0000000020000000        0xc load address 0x0000000008005e04
                0x0000000020000000                . = ALIGN (0x4)
                0x0000000020000000                _sdata = .
 *(.data)
 *(.data*)
 .data.SystemCoreClock
                0x0000000020000000        0x4 ./Core/Src/system_stm32f4xx.o
                0x0000000020000000                SystemCoreClock
 .data.uwTickPrio
                0x0000000020000004        0x4 ./Drivers/STM32F4xx_HAL_Driver/Src/stm32f4xx_hal.o
                0x0000000020000004                uwTickPrio
 .data.uwTickFreq
                0x0000000020000008        0x1 ./Drivers/STM32F4xx_HAL_Driver/Src/stm32f4xx_hal.o
                0x0000000020000008                uwTickFreq
                0x000000002000000c                . = ALIGN (0x4)
 *fill*         0x0000000020000009        0x3 
                0x000000002000000c                _edata = .

.igot.plt       0x000000002000000c        0x0 load address 0x0000000008005e10
 .igot.plt      0x000000002000000c        0x0 c:/st/stm32cubeide_1.8.0/stm32cubeide/plugins/com.st.stm32cube.ide.mcu.externaltools.gnu-tools-for-stm32.9-2020-q2-update.win32_2.0.0.202105311346/tools/bin/../lib/gcc/arm-none-eabi/9.3.1/thumb/v7e-m+fp/hard/crtbegin.o
                0x000000002000000c                . = ALIGN (0x4)

.bss            0x000000002000000c      0x5b8 load address 0x0000000008005e10
                0x000000002000000c                _sbss = .
                0x000000002000000c                __bss_start__ = _sbss
 *(.bss)
 .bss           0x000000002000000c       0x1c c:/st/stm32cubeide_1.8.0/stm32cubeide/plugins/com.st.stm32cube.ide.mcu.externaltools.gnu-tools-for-stm32.9-2020-q2-update.win32_2.0.0.202105311346/tools/bin/../lib/gcc/arm-none-eabi/9.3.1/thumb/v7e-m+fp/hard/crtbegin.o
 *(.bss*)
 .bss.HAL_RCC_CAN1_CLK_ENABLED
                0x0000000020000028        0x4 ./Core/Src/stm32f4xx_hal_msp.o
 *(COMMON)
 COMMON         0x000000002000002c      0x501 ./Core/Src/main.o
                0x000000002000002c                wheel
                0x0000000020000030                hdma_usart2_rx
                0x0000000020000090                hi2c3
                0x00000000200000e4                huart7
                0x0000000020000128                hspi5
                0x0000000020000180                htim4
                0x00000000200001c8                rightJoyY
                0x00000000200001ca                leftJoyY
                0x00000000200001cc                leftJoyX
                0x00000000200001ce                leftSwitch
                0x00000000200001d0                htim5
                0x0000000020000218                htim3
                0x0000000020000260                hcan2
                0x0000000020000288                hdma_usart1_rx
                0x00000000200002e8                hdma_usart2_tx
                0x0000000020000348                huart1
                0x000000002000038c                rightJoyX
                0x0000000020000390                huart6
                0x00000000200003d4                huart4
                0x0000000020000418                htim2
                0x0000000020000460                huart2
                0x00000000200004a4                hcan1
                0x00000000200004cc                rightSwitch
                0x00000000200004d0                htim12
                0x0000000020000518                sendString
 *fill*         0x000000002000052d        0x3 
 COMMON         0x0000000020000530       0x54 ./Core/Src/rm_can.o
                0x0000000020000530                motors
 COMMON         0x0000000020000584       0x3c ./Core/Src/rm_uart.o
                0x0000000020000584                rc
                0x000000002000059c                dbus_buf
 COMMON         0x00000000200005c0        0x4 ./Drivers/STM32F4xx_HAL_Driver/Src/stm32f4xx_hal.o
                0x00000000200005c0                uwTick
                0x00000000200005c4                . = ALIGN (0x4)
                0x00000000200005c4                _ebss = .
                0x00000000200005c4                __bss_end__ = _ebss

._user_heap_stack
                0x00000000200005c4      0x604 load address 0x0000000008005e10
                0x00000000200005c8                . = ALIGN (0x8)
 *fill*         0x00000000200005c4        0x4 
                0x00000000200005c8                PROVIDE (end = .)
                [!provide]                        PROVIDE (_end = .)
                0x00000000200007c8                . = (. + _Min_Heap_Size)
 *fill*         0x00000000200005c8      0x200 
                0x0000000020000bc8                . = (. + _Min_Stack_Size)
 *fill*         0x00000000200007c8      0x400 
                0x0000000020000bc8                . = ALIGN (0x8)

/DISCARD/
 libc.a(*)
 libm.a(*)
 libgcc.a(*)

.ARM.attributes
                0x0000000000000000       0x30
 *(.ARM.attributes)
 .ARM.attributes
                0x0000000000000000       0x1e c:/st/stm32cubeide_1.8.0/stm32cubeide/plugins/com.st.stm32cube.ide.mcu.externaltools.gnu-tools-for-stm32.9-2020-q2-update.win32_2.0.0.202105311346/tools/bin/../lib/gcc/arm-none-eabi/9.3.1/thumb/v7e-m+fp/hard/crti.o
 .ARM.attributes
                0x000000000000001e       0x34 c:/st/stm32cubeide_1.8.0/stm32cubeide/plugins/com.st.stm32cube.ide.mcu.externaltools.gnu-tools-for-stm32.9-2020-q2-update.win32_2.0.0.202105311346/tools/bin/../lib/gcc/arm-none-eabi/9.3.1/thumb/v7e-m+fp/hard/crtbegin.o
 .ARM.attributes
                0x0000000000000052       0x34 ./Core/Src/main.o
 .ARM.attributes
                0x0000000000000086       0x34 ./Core/Src/rm_can.o
 .ARM.attributes
                0x00000000000000ba       0x34 ./Core/Src/rm_gpio.o
 .ARM.attributes
                0x00000000000000ee       0x34 ./Core/Src/rm_uart.o
 .ARM.attributes
                0x0000000000000122       0x34 ./Core/Src/stm32f4xx_hal_msp.o
 .ARM.attributes
                0x0000000000000156       0x34 ./Core/Src/stm32f4xx_it.o
 .ARM.attributes
                0x000000000000018a       0x34 ./Core/Src/system_stm32f4xx.o
 .ARM.attributes
                0x00000000000001be       0x21 ./Core/Startup/startup_stm32f427iihx.o
 .ARM.attributes
                0x00000000000001df       0x34 ./Drivers/STM32F4xx_HAL_Driver/Src/stm32f4xx_hal.o
 .ARM.attributes
                0x0000000000000213       0x34 ./Drivers/STM32F4xx_HAL_Driver/Src/stm32f4xx_hal_can.o
 .ARM.attributes
                0x0000000000000247       0x34 ./Drivers/STM32F4xx_HAL_Driver/Src/stm32f4xx_hal_cortex.o
 .ARM.attributes
                0x000000000000027b       0x34 ./Drivers/STM32F4xx_HAL_Driver/Src/stm32f4xx_hal_dma.o
 .ARM.attributes
                0x00000000000002af       0x34 ./Drivers/STM32F4xx_HAL_Driver/Src/stm32f4xx_hal_gpio.o
 .ARM.attributes
                0x00000000000002e3       0x34 ./Drivers/STM32F4xx_HAL_Driver/Src/stm32f4xx_hal_i2c.o
 .ARM.attributes
                0x0000000000000317       0x34 ./Drivers/STM32F4xx_HAL_Driver/Src/stm32f4xx_hal_i2c_ex.o
 .ARM.attributes
                0x000000000000034b       0x34 ./Drivers/STM32F4xx_HAL_Driver/Src/stm32f4xx_hal_rcc.o
 .ARM.attributes
                0x000000000000037f       0x34 ./Drivers/STM32F4xx_HAL_Driver/Src/stm32f4xx_hal_spi.o
 .ARM.attributes
                0x00000000000003b3       0x34 ./Drivers/STM32F4xx_HAL_Driver/Src/stm32f4xx_hal_tim.o
 .ARM.attributes
                0x00000000000003e7       0x34 ./Drivers/STM32F4xx_HAL_Driver/Src/stm32f4xx_hal_tim_ex.o
 .ARM.attributes
                0x000000000000041b       0x34 ./Drivers/STM32F4xx_HAL_Driver/Src/stm32f4xx_hal_uart.o
 .ARM.attributes
                0x000000000000044f       0x34 c:/st/stm32cubeide_1.8.0/stm32cubeide/plugins/com.st.stm32cube.ide.mcu.externaltools.gnu-tools-for-stm32.9-2020-q2-update.win32_2.0.0.202105311346/tools/bin/../lib/gcc/arm-none-eabi/9.3.1/../../../../arm-none-eabi/lib/thumb/v7e-m+fp/hard\libc_nano.a(lib_a-init.o)
 .ARM.attributes
                0x0000000000000483       0x34 c:/st/stm32cubeide_1.8.0/stm32cubeide/plugins/com.st.stm32cube.ide.mcu.externaltools.gnu-tools-for-stm32.9-2020-q2-update.win32_2.0.0.202105311346/tools/bin/../lib/gcc/arm-none-eabi/9.3.1/../../../../arm-none-eabi/lib/thumb/v7e-m+fp/hard\libc_nano.a(lib_a-memset.o)
 .ARM.attributes
                0x00000000000004b7       0x1e c:/st/stm32cubeide_1.8.0/stm32cubeide/plugins/com.st.stm32cube.ide.mcu.externaltools.gnu-tools-for-stm32.9-2020-q2-update.win32_2.0.0.202105311346/tools/bin/../lib/gcc/arm-none-eabi/9.3.1/thumb/v7e-m+fp/hard\libgcc.a(_aeabi_uldivmod.o)
 .ARM.attributes
                0x00000000000004d5       0x34 c:/st/stm32cubeide_1.8.0/stm32cubeide/plugins/com.st.stm32cube.ide.mcu.externaltools.gnu-tools-for-stm32.9-2020-q2-update.win32_2.0.0.202105311346/tools/bin/../lib/gcc/arm-none-eabi/9.3.1/thumb/v7e-m+fp/hard\libgcc.a(_udivmoddi4.o)
 .ARM.attributes
                0x0000000000000509       0x1e c:/st/stm32cubeide_1.8.0/stm32cubeide/plugins/com.st.stm32cube.ide.mcu.externaltools.gnu-tools-for-stm32.9-2020-q2-update.win32_2.0.0.202105311346/tools/bin/../lib/gcc/arm-none-eabi/9.3.1/thumb/v7e-m+fp/hard\libgcc.a(_dvmd_tls.o)
 .ARM.attributes
                0x0000000000000527       0x1e c:/st/stm32cubeide_1.8.0/stm32cubeide/plugins/com.st.stm32cube.ide.mcu.externaltools.gnu-tools-for-stm32.9-2020-q2-update.win32_2.0.0.202105311346/tools/bin/../lib/gcc/arm-none-eabi/9.3.1/thumb/v7e-m+fp/hard/crtn.o
OUTPUT(test_remote_control.elf elf32-littlearm)
LOAD linker stubs
LOAD c:/st/stm32cubeide_1.8.0/stm32cubeide/plugins/com.st.stm32cube.ide.mcu.externaltools.gnu-tools-for-stm32.9-2020-q2-update.win32_2.0.0.202105311346/tools/bin/../lib/gcc/arm-none-eabi/9.3.1/../../../../arm-none-eabi/lib/thumb/v7e-m+fp/hard\libc.a
LOAD c:/st/stm32cubeide_1.8.0/stm32cubeide/plugins/com.st.stm32cube.ide.mcu.externaltools.gnu-tools-for-stm32.9-2020-q2-update.win32_2.0.0.202105311346/tools/bin/../lib/gcc/arm-none-eabi/9.3.1/../../../../arm-none-eabi/lib/thumb/v7e-m+fp/hard\libm.a
LOAD c:/st/stm32cubeide_1.8.0/stm32cubeide/plugins/com.st.stm32cube.ide.mcu.externaltools.gnu-tools-for-stm32.9-2020-q2-update.win32_2.0.0.202105311346/tools/bin/../lib/gcc/arm-none-eabi/9.3.1/thumb/v7e-m+fp/hard\libgcc.a

.debug_info     0x0000000000000000    0x1a5a6
 .debug_info    0x0000000000000000     0x2c01 ./Core/Src/main.o
 .debug_info    0x0000000000002c01     0x140f ./Core/Src/rm_can.o
 .debug_info    0x0000000000004010     0x115e ./Core/Src/rm_gpio.o
 .debug_info    0x000000000000516e     0x1cc7 ./Core/Src/rm_uart.o
 .debug_info    0x0000000000006e35     0x1e8b ./Core/Src/stm32f4xx_hal_msp.o
 .debug_info    0x0000000000008cc0     0x1411 ./Core/Src/stm32f4xx_it.o
 .debug_info    0x000000000000a0d1      0x5c0 ./Core/Src/system_stm32f4xx.o
 .debug_info    0x000000000000a691       0x22 ./Core/Startup/startup_stm32f427iihx.o
 .debug_info    0x000000000000a6b3      0xa1e ./Drivers/STM32F4xx_HAL_Driver/Src/stm32f4xx_hal.o
 .debug_info    0x000000000000b0d1     0x1090 ./Drivers/STM32F4xx_HAL_Driver/Src/stm32f4xx_hal_can.o
 .debug_info    0x000000000000c161      0xf01 ./Drivers/STM32F4xx_HAL_Driver/Src/stm32f4xx_hal_cortex.o
 .debug_info    0x000000000000d062      0x9f1 ./Drivers/STM32F4xx_HAL_Driver/Src/stm32f4xx_hal_dma.o
 .debug_info    0x000000000000da53      0x85a ./Drivers/STM32F4xx_HAL_Driver/Src/stm32f4xx_hal_gpio.o
 .debug_info    0x000000000000e2ad     0x265b ./Drivers/STM32F4xx_HAL_Driver/Src/stm32f4xx_hal_i2c.o
 .debug_info    0x0000000000010908      0x78a ./Drivers/STM32F4xx_HAL_Driver/Src/stm32f4xx_hal_i2c_ex.o
 .debug_info    0x0000000000011092      0x9b2 ./Drivers/STM32F4xx_HAL_Driver/Src/stm32f4xx_hal_rcc.o
 .debug_info    0x0000000000011a44     0x17c0 ./Drivers/STM32F4xx_HAL_Driver/Src/stm32f4xx_hal_spi.o
 .debug_info    0x0000000000013204     0x2c22 ./Drivers/STM32F4xx_HAL_Driver/Src/stm32f4xx_hal_tim.o
 .debug_info    0x0000000000015e26     0x15a2 ./Drivers/STM32F4xx_HAL_Driver/Src/stm32f4xx_hal_tim_ex.o
 .debug_info    0x00000000000173c8     0x31de ./Drivers/STM32F4xx_HAL_Driver/Src/stm32f4xx_hal_uart.o

.debug_abbrev   0x0000000000000000     0x2cb2
 .debug_abbrev  0x0000000000000000      0x39d ./Core/Src/main.o
 .debug_abbrev  0x000000000000039d      0x229 ./Core/Src/rm_can.o
 .debug_abbrev  0x00000000000005c6      0x19e ./Core/Src/rm_gpio.o
 .debug_abbrev  0x0000000000000764      0x30c ./Core/Src/rm_uart.o
 .debug_abbrev  0x0000000000000a70      0x253 ./Core/Src/stm32f4xx_hal_msp.o
 .debug_abbrev  0x0000000000000cc3      0x240 ./Core/Src/stm32f4xx_it.o
 .debug_abbrev  0x0000000000000f03      0x145 ./Core/Src/system_stm32f4xx.o
 .debug_abbrev  0x0000000000001048       0x12 ./Core/Startup/startup_stm32f427iihx.o
 .debug_abbrev  0x000000000000105a      0x1ed ./Drivers/STM32F4xx_HAL_Driver/Src/stm32f4xx_hal.o
 .debug_abbrev  0x0000000000001247      0x246 ./Drivers/STM32F4xx_HAL_Driver/Src/stm32f4xx_hal_can.o
 .debug_abbrev  0x000000000000148d      0x33c ./Drivers/STM32F4xx_HAL_Driver/Src/stm32f4xx_hal_cortex.o
 .debug_abbrev  0x00000000000017c9      0x259 ./Drivers/STM32F4xx_HAL_Driver/Src/stm32f4xx_hal_dma.o
 .debug_abbrev  0x0000000000001a22      0x1f1 ./Drivers/STM32F4xx_HAL_Driver/Src/stm32f4xx_hal_gpio.o
 .debug_abbrev  0x0000000000001c13      0x282 ./Drivers/STM32F4xx_HAL_Driver/Src/stm32f4xx_hal_i2c.o
 .debug_abbrev  0x0000000000001e95      0x18b ./Drivers/STM32F4xx_HAL_Driver/Src/stm32f4xx_hal_i2c_ex.o
 .debug_abbrev  0x0000000000002020      0x275 ./Drivers/STM32F4xx_HAL_Driver/Src/stm32f4xx_hal_rcc.o
 .debug_abbrev  0x0000000000002295      0x26e ./Drivers/STM32F4xx_HAL_Driver/Src/stm32f4xx_hal_spi.o
 .debug_abbrev  0x0000000000002503      0x25e ./Drivers/STM32F4xx_HAL_Driver/Src/stm32f4xx_hal_tim.o
 .debug_abbrev  0x0000000000002761      0x266 ./Drivers/STM32F4xx_HAL_Driver/Src/stm32f4xx_hal_tim_ex.o
 .debug_abbrev  0x00000000000029c7      0x2eb ./Drivers/STM32F4xx_HAL_Driver/Src/stm32f4xx_hal_uart.o

.debug_aranges  0x0000000000000000     0x1388
 .debug_aranges
                0x0000000000000000       0xd0 ./Core/Src/main.o
 .debug_aranges
                0x00000000000000d0       0x38 ./Core/Src/rm_can.o
 .debug_aranges
                0x0000000000000108       0x28 ./Core/Src/rm_gpio.o
 .debug_aranges
                0x0000000000000130       0x48 ./Core/Src/rm_uart.o
 .debug_aranges
                0x0000000000000178       0x78 ./Core/Src/stm32f4xx_hal_msp.o
 .debug_aranges
                0x00000000000001f0       0xb8 ./Core/Src/stm32f4xx_it.o
 .debug_aranges
                0x00000000000002a8       0x28 ./Core/Src/system_stm32f4xx.o
 .debug_aranges
                0x00000000000002d0       0x28 ./Core/Startup/startup_stm32f427iihx.o
 .debug_aranges
                0x00000000000002f8      0x100 ./Drivers/STM32F4xx_HAL_Driver/Src/stm32f4xx_hal.o
 .debug_aranges
                0x00000000000003f8      0x138 ./Drivers/STM32F4xx_HAL_Driver/Src/stm32f4xx_hal_can.o
 .debug_aranges
                0x0000000000000530      0x118 ./Drivers/STM32F4xx_HAL_Driver/Src/stm32f4xx_hal_cortex.o
 .debug_aranges
                0x0000000000000648       0x90 ./Drivers/STM32F4xx_HAL_Driver/Src/stm32f4xx_hal_dma.o
 .debug_aranges
                0x00000000000006d8       0x58 ./Drivers/STM32F4xx_HAL_Driver/Src/stm32f4xx_hal_gpio.o
 .debug_aranges
                0x0000000000000730      0x2a0 ./Drivers/STM32F4xx_HAL_Driver/Src/stm32f4xx_hal_i2c.o
 .debug_aranges
                0x00000000000009d0       0x28 ./Drivers/STM32F4xx_HAL_Driver/Src/stm32f4xx_hal_i2c_ex.o
 .debug_aranges
                0x00000000000009f8       0x88 ./Drivers/STM32F4xx_HAL_Driver/Src/stm32f4xx_hal_rcc.o
 .debug_aranges
                0x0000000000000a80      0x1d0 ./Drivers/STM32F4xx_HAL_Driver/Src/stm32f4xx_hal_spi.o
 .debug_aranges
                0x0000000000000c50      0x3d0 ./Drivers/STM32F4xx_HAL_Driver/Src/stm32f4xx_hal_tim.o
 .debug_aranges
                0x0000000000001020      0x168 ./Drivers/STM32F4xx_HAL_Driver/Src/stm32f4xx_hal_tim_ex.o
 .debug_aranges
                0x0000000000001188      0x200 ./Drivers/STM32F4xx_HAL_Driver/Src/stm32f4xx_hal_uart.o

.debug_ranges   0x0000000000000000     0x12a8
 .debug_ranges  0x0000000000000000       0xc0 ./Core/Src/main.o
 .debug_ranges  0x00000000000000c0       0x28 ./Core/Src/rm_can.o
 .debug_ranges  0x00000000000000e8       0x18 ./Core/Src/rm_gpio.o
 .debug_ranges  0x0000000000000100       0x38 ./Core/Src/rm_uart.o
 .debug_ranges  0x0000000000000138       0x68 ./Core/Src/stm32f4xx_hal_msp.o
 .debug_ranges  0x00000000000001a0       0xa8 ./Core/Src/stm32f4xx_it.o
 .debug_ranges  0x0000000000000248       0x18 ./Core/Src/system_stm32f4xx.o
 .debug_ranges  0x0000000000000260       0x20 ./Core/Startup/startup_stm32f427iihx.o
 .debug_ranges  0x0000000000000280       0xf0 ./Drivers/STM32F4xx_HAL_Driver/Src/stm32f4xx_hal.o
 .debug_ranges  0x0000000000000370      0x128 ./Drivers/STM32F4xx_HAL_Driver/Src/stm32f4xx_hal_can.o
 .debug_ranges  0x0000000000000498      0x108 ./Drivers/STM32F4xx_HAL_Driver/Src/stm32f4xx_hal_cortex.o
 .debug_ranges  0x00000000000005a0       0x80 ./Drivers/STM32F4xx_HAL_Driver/Src/stm32f4xx_hal_dma.o
 .debug_ranges  0x0000000000000620       0x48 ./Drivers/STM32F4xx_HAL_Driver/Src/stm32f4xx_hal_gpio.o
 .debug_ranges  0x0000000000000668      0x2b8 ./Drivers/STM32F4xx_HAL_Driver/Src/stm32f4xx_hal_i2c.o
 .debug_ranges  0x0000000000000920       0x18 ./Drivers/STM32F4xx_HAL_Driver/Src/stm32f4xx_hal_i2c_ex.o
 .debug_ranges  0x0000000000000938       0x78 ./Drivers/STM32F4xx_HAL_Driver/Src/stm32f4xx_hal_rcc.o
 .debug_ranges  0x00000000000009b0      0x1c0 ./Drivers/STM32F4xx_HAL_Driver/Src/stm32f4xx_hal_spi.o
 .debug_ranges  0x0000000000000b70      0x3c0 ./Drivers/STM32F4xx_HAL_Driver/Src/stm32f4xx_hal_tim.o
 .debug_ranges  0x0000000000000f30      0x158 ./Drivers/STM32F4xx_HAL_Driver/Src/stm32f4xx_hal_tim_ex.o
 .debug_ranges  0x0000000000001088      0x220 ./Drivers/STM32F4xx_HAL_Driver/Src/stm32f4xx_hal_uart.o

.debug_macro    0x0000000000000000    0x25141
 .debug_macro   0x0000000000000000      0x421 ./Core/Src/main.o
 .debug_macro   0x0000000000000421      0xaa8 ./Core/Src/main.o
 .debug_macro   0x0000000000000ec9      0x2ad ./Core/Src/main.o
 .debug_macro   0x0000000000001176       0x2e ./Core/Src/main.o
 .debug_macro   0x00000000000011a4       0x28 ./Core/Src/main.o
 .debug_macro   0x00000000000011cc       0x22 ./Core/Src/main.o
 .debug_macro   0x00000000000011ee       0x8e ./Core/Src/main.o
 .debug_macro   0x000000000000127c       0x51 ./Core/Src/main.o
 .debug_macro   0x00000000000012cd      0x103 ./Core/Src/main.o
 .debug_macro   0x00000000000013d0       0x6a ./Core/Src/main.o
 .debug_macro   0x000000000000143a      0x1df ./Core/Src/main.o
 .debug_macro   0x0000000000001619       0x1c ./Core/Src/main.o
 .debug_macro   0x0000000000001635       0x22 ./Core/Src/main.o
 .debug_macro   0x0000000000001657       0xdf ./Core/Src/main.o
 .debug_macro   0x0000000000001736     0x102d ./Core/Src/main.o
 .debug_macro   0x0000000000002763      0x11f ./Core/Src/main.o
 .debug_macro   0x0000000000002882    0x17876 ./Core/Src/main.o
 .debug_macro   0x000000000001a0f8       0x6d ./Core/Src/main.o
 .debug_macro   0x000000000001a165     0x36dd ./Core/Src/main.o
 .debug_macro   0x000000000001d842      0x174 ./Core/Src/main.o
 .debug_macro   0x000000000001d9b6       0x5c ./Core/Src/main.o
 .debug_macro   0x000000000001da12      0xc6d ./Core/Src/main.o
 .debug_macro   0x000000000001e67f      0x9fe ./Core/Src/main.o
 .debug_macro   0x000000000001f07d      0x116 ./Core/Src/main.o
 .debug_macro   0x000000000001f193      0x16f ./Core/Src/main.o
 .debug_macro   0x000000000001f302       0xa5 ./Core/Src/main.o
 .debug_macro   0x000000000001f3a7      0x182 ./Core/Src/main.o
 .debug_macro   0x000000000001f529      0x287 ./Core/Src/main.o
 .debug_macro   0x000000000001f7b0       0x5f ./Core/Src/main.o
 .debug_macro   0x000000000001f80f      0x236 ./Core/Src/main.o
 .debug_macro   0x000000000001fa45      0x40f ./Core/Src/main.o
 .debug_macro   0x000000000001fe54      0x132 ./Core/Src/main.o
 .debug_macro   0x000000000001ff86      0x41d ./Core/Src/main.o
 .debug_macro   0x00000000000203a3       0x2e ./Core/Src/main.o
 .debug_macro   0x00000000000203d1      0x1b5 ./Core/Src/main.o
 .debug_macro   0x0000000000020586       0x22 ./Core/Src/main.o
 .debug_macro   0x00000000000205a8       0xd6 ./Core/Src/main.o
 .debug_macro   0x000000000002067e      0x11a ./Core/Src/main.o
 .debug_macro   0x0000000000020798       0xe2 ./Core/Src/main.o
 .debug_macro   0x000000000002087a       0x89 ./Core/Src/main.o
 .debug_macro   0x0000000000020903      0x225 ./Core/Src/main.o
 .debug_macro   0x0000000000020b28      0x8d1 ./Core/Src/main.o
 .debug_macro   0x00000000000213f9       0x47 ./Core/Src/main.o
 .debug_macro   0x0000000000021440      0x295 ./Core/Src/main.o
 .debug_macro   0x00000000000216d5      0x134 ./Core/Src/main.o
 .debug_macro   0x0000000000021809       0x70 ./Core/Src/main.o
 .debug_macro   0x0000000000021879       0x18 ./Core/Src/main.o
 .debug_macro   0x0000000000021891       0x52 ./Core/Src/main.o
 .debug_macro   0x00000000000218e3       0x3c ./Core/Src/main.o
 .debug_macro   0x000000000002191f       0x34 ./Core/Src/main.o
 .debug_macro   0x0000000000021953       0x16 ./Core/Src/main.o
 .debug_macro   0x0000000000021969       0x35 ./Core/Src/main.o
 .debug_macro   0x000000000002199e       0x16 ./Core/Src/main.o
 .debug_macro   0x00000000000219b4       0x43 ./Core/Src/main.o
 .debug_macro   0x00000000000219f7       0x34 ./Core/Src/main.o
 .debug_macro   0x0000000000021a2b       0x10 ./Core/Src/main.o
 .debug_macro   0x0000000000021a3b       0x58 ./Core/Src/main.o
 .debug_macro   0x0000000000021a93       0x71 ./Core/Src/main.o
 .debug_macro   0x0000000000021b04       0x1c ./Core/Src/main.o
 .debug_macro   0x0000000000021b20      0x12a ./Core/Src/main.o
 .debug_macro   0x0000000000021c4a      0x333 ./Core/Src/main.o
 .debug_macro   0x0000000000021f7d       0x16 ./Core/Src/main.o
 .debug_macro   0x0000000000021f93       0x29 ./Core/Src/main.o
 .debug_macro   0x0000000000021fbc       0x1c ./Core/Src/main.o
 .debug_macro   0x0000000000021fd8       0x10 ./Core/Src/main.o
 .debug_macro   0x0000000000021fe8       0x10 ./Core/Src/main.o
 .debug_macro   0x0000000000021ff8       0x1c ./Core/Src/main.o
 .debug_macro   0x0000000000022014       0x52 ./Core/Src/main.o
 .debug_macro   0x0000000000022066       0x22 ./Core/Src/main.o
 .debug_macro   0x0000000000022088       0x10 ./Core/Src/main.o
 .debug_macro   0x0000000000022098       0x40 ./Core/Src/main.o
 .debug_macro   0x00000000000220d8       0xd5 ./Core/Src/main.o
 .debug_macro   0x00000000000221ad       0x1c ./Core/Src/main.o
 .debug_macro   0x00000000000221c9       0x3d ./Core/Src/main.o
 .debug_macro   0x0000000000022206       0x16 ./Core/Src/main.o
 .debug_macro   0x000000000002221c      0x145 ./Core/Src/main.o
 .debug_macro   0x0000000000022361      0x1a9 ./Core/Src/main.o
 .debug_macro   0x000000000002250a       0x16 ./Core/Src/main.o
 .debug_macro   0x0000000000022520      0x51a ./Core/Src/main.o
 .debug_macro   0x0000000000022a3a       0x16 ./Core/Src/main.o
 .debug_macro   0x0000000000022a50       0x10 ./Core/Src/main.o
 .debug_macro   0x0000000000022a60       0x10 ./Core/Src/main.o
 .debug_macro   0x0000000000022a70       0x35 ./Core/Src/main.o
 .debug_macro   0x0000000000022aa5       0x1c ./Core/Src/main.o
 .debug_macro   0x0000000000022ac1      0x223 ./Core/Src/rm_can.o
 .debug_macro   0x0000000000022ce4       0x16 ./Core/Src/rm_can.o
 .debug_macro   0x0000000000022cfa      0x21e ./Core/Src/rm_gpio.o
 .debug_macro   0x0000000000022f18      0x31f ./Core/Src/rm_uart.o
 .debug_macro   0x0000000000023237       0x10 ./Core/Src/rm_uart.o
 .debug_macro   0x0000000000023247      0x214 ./Core/Src/stm32f4xx_hal_msp.o
 .debug_macro   0x000000000002345b      0x231 ./Core/Src/stm32f4xx_it.o
 .debug_macro   0x000000000002368c      0x201 ./Core/Src/system_stm32f4xx.o
 .debug_macro   0x000000000002388d      0x25b ./Drivers/STM32F4xx_HAL_Driver/Src/stm32f4xx_hal.o
 .debug_macro   0x0000000000023ae8      0x203 ./Drivers/STM32F4xx_HAL_Driver/Src/stm32f4xx_hal_can.o
 .debug_macro   0x0000000000023ceb      0x1fb ./Drivers/STM32F4xx_HAL_Driver/Src/stm32f4xx_hal_cortex.o
 .debug_macro   0x0000000000023ee6      0x201 ./Drivers/STM32F4xx_HAL_Driver/Src/stm32f4xx_hal_dma.o
 .debug_macro   0x00000000000240e7      0x201 ./Drivers/STM32F4xx_HAL_Driver/Src/stm32f4xx_hal_gpio.o
 .debug_macro   0x00000000000242e8      0x242 ./Drivers/STM32F4xx_HAL_Driver/Src/stm32f4xx_hal_i2c.o
 .debug_macro   0x000000000002452a      0x1fb ./Drivers/STM32F4xx_HAL_Driver/Src/stm32f4xx_hal_i2c_ex.o
 .debug_macro   0x0000000000024725      0x21f ./Drivers/STM32F4xx_HAL_Driver/Src/stm32f4xx_hal_rcc.o
 .debug_macro   0x0000000000024944      0x20a ./Drivers/STM32F4xx_HAL_Driver/Src/stm32f4xx_hal_spi.o
 .debug_macro   0x0000000000024b4e      0x1fc ./Drivers/STM32F4xx_HAL_Driver/Src/stm32f4xx_hal_tim.o
 .debug_macro   0x0000000000024d4a      0x1fb ./Drivers/STM32F4xx_HAL_Driver/Src/stm32f4xx_hal_tim_ex.o
 .debug_macro   0x0000000000024f45      0x1fc ./Drivers/STM32F4xx_HAL_Driver/Src/stm32f4xx_hal_uart.o

.debug_line     0x0000000000000000    0x17200
 .debug_line    0x0000000000000000     0x10ad ./Core/Src/main.o
 .debug_line    0x00000000000010ad      0x81a ./Core/Src/rm_can.o
 .debug_line    0x00000000000018c7      0x748 ./Core/Src/rm_gpio.o
 .debug_line    0x000000000000200f      0xa75 ./Core/Src/rm_uart.o
 .debug_line    0x0000000000002a84      0xb9f ./Core/Src/stm32f4xx_hal_msp.o
 .debug_line    0x0000000000003623      0x901 ./Core/Src/stm32f4xx_it.o
 .debug_line    0x0000000000003f24      0x7ad ./Core/Src/system_stm32f4xx.o
 .debug_line    0x00000000000046d1       0x86 ./Core/Startup/startup_stm32f427iihx.o
 .debug_line    0x0000000000004757      0xa43 ./Drivers/STM32F4xx_HAL_Driver/Src/stm32f4xx_hal.o
 .debug_line    0x000000000000519a     0x1179 ./Drivers/STM32F4xx_HAL_Driver/Src/stm32f4xx_hal_can.o
 .debug_line    0x0000000000006313      0xcbc ./Drivers/STM32F4xx_HAL_Driver/Src/stm32f4xx_hal_cortex.o
 .debug_line    0x0000000000006fcf      0xf72 ./Drivers/STM32F4xx_HAL_Driver/Src/stm32f4xx_hal_dma.o
 .debug_line    0x0000000000007f41      0xbab ./Drivers/STM32F4xx_HAL_Driver/Src/stm32f4xx_hal_gpio.o
 .debug_line    0x0000000000008aec     0x39b9 ./Drivers/STM32F4xx_HAL_Driver/Src/stm32f4xx_hal_i2c.o
 .debug_line    0x000000000000c4a5      0x7a0 ./Drivers/STM32F4xx_HAL_Driver/Src/stm32f4xx_hal_i2c_ex.o
 .debug_line    0x000000000000cc45      0xd87 ./Drivers/STM32F4xx_HAL_Driver/Src/stm32f4xx_hal_rcc.o
 .debug_line    0x000000000000d9cc     0x1c95 ./Drivers/STM32F4xx_HAL_Driver/Src/stm32f4xx_hal_spi.o
 .debug_line    0x000000000000f661     0x3701 ./Drivers/STM32F4xx_HAL_Driver/Src/stm32f4xx_hal_tim.o
 .debug_line    0x0000000000012d62     0x1a0a ./Drivers/STM32F4xx_HAL_Driver/Src/stm32f4xx_hal_tim_ex.o
 .debug_line    0x000000000001476c     0x2a94 ./Drivers/STM32F4xx_HAL_Driver/Src/stm32f4xx_hal_uart.o

.debug_str      0x0000000000000000    0xe0642
 .debug_str     0x0000000000000000    0xdc1a4 ./Core/Src/main.o
                                      0xdc66d (size before relaxing)
 .debug_str     0x00000000000dc1a4      0x232 ./Core/Src/rm_can.o
                                      0xd606c (size before relaxing)
 .debug_str     0x00000000000dc3d6       0x27 ./Core/Src/rm_gpio.o
                                      0xd5e65 (size before relaxing)
 .debug_str     0x00000000000dc3fd      0x13a ./Core/Src/rm_uart.o
                                      0xd925e (size before relaxing)
 .debug_str     0x00000000000dc537      0x125 ./Core/Src/stm32f4xx_hal_msp.o
                                      0xd6856 (size before relaxing)
 .debug_str     0x00000000000dc65c      0x19a ./Core/Src/stm32f4xx_it.o
                                      0xd6049 (size before relaxing)
 .debug_str     0x00000000000dc7f6       0xc4 ./Core/Src/system_stm32f4xx.o
                                      0xd5238 (size before relaxing)
 .debug_str     0x00000000000dc8ba       0x36 ./Core/Startup/startup_stm32f427iihx.o
                                         0x86 (size before relaxing)
 .debug_str     0x00000000000dc8f0      0x5b9 ./Drivers/STM32F4xx_HAL_Driver/Src/stm32f4xx_hal.o
                                      0xd5d8d (size before relaxing)
 .debug_str     0x00000000000dcea9      0x443 ./Drivers/STM32F4xx_HAL_Driver/Src/stm32f4xx_hal_can.o
                                      0xd591c (size before relaxing)
 .debug_str     0x00000000000dd2ec      0x399 ./Drivers/STM32F4xx_HAL_Driver/Src/stm32f4xx_hal_cortex.o
                                      0xd5b2e (size before relaxing)
 .debug_str     0x00000000000dd685      0x315 ./Drivers/STM32F4xx_HAL_Driver/Src/stm32f4xx_hal_dma.o
                                      0xd563a (size before relaxing)
 .debug_str     0x00000000000dd99a      0x15f ./Drivers/STM32F4xx_HAL_Driver/Src/stm32f4xx_hal_gpio.o
                                      0xd53ca (size before relaxing)
 .debug_str     0x00000000000ddaf9      0xab3 ./Drivers/STM32F4xx_HAL_Driver/Src/stm32f4xx_hal_i2c.o
                                      0xd6197 (size before relaxing)
 .debug_str     0x00000000000de5ac       0x3b ./Drivers/STM32F4xx_HAL_Driver/Src/stm32f4xx_hal_i2c_ex.o
                                      0xd561e (size before relaxing)
 .debug_str     0x00000000000de5e7      0x24e ./Drivers/STM32F4xx_HAL_Driver/Src/stm32f4xx_hal_rcc.o
                                      0xd5625 (size before relaxing)
 .debug_str     0x00000000000de835      0x555 ./Drivers/STM32F4xx_HAL_Driver/Src/stm32f4xx_hal_spi.o
                                      0xd5ab4 (size before relaxing)
 .debug_str     0x00000000000ded8a      0xdd5 ./Drivers/STM32F4xx_HAL_Driver/Src/stm32f4xx_hal_tim.o
                                      0xd653f (size before relaxing)
 .debug_str     0x00000000000dfb5f      0x4ee ./Drivers/STM32F4xx_HAL_Driver/Src/stm32f4xx_hal_tim_ex.o
                                      0xd5cf0 (size before relaxing)
 .debug_str     0x00000000000e004d      0x5f5 ./Drivers/STM32F4xx_HAL_Driver/Src/stm32f4xx_hal_uart.o
                                      0xd5b98 (size before relaxing)

.comment        0x0000000000000000       0x53
 .comment       0x0000000000000000       0x53 ./Core/Src/main.o
                                         0x54 (size before relaxing)
 .comment       0x0000000000000053       0x54 ./Core/Src/rm_can.o
 .comment       0x0000000000000053       0x54 ./Core/Src/rm_gpio.o
 .comment       0x0000000000000053       0x54 ./Core/Src/rm_uart.o
 .comment       0x0000000000000053       0x54 ./Core/Src/stm32f4xx_hal_msp.o
 .comment       0x0000000000000053       0x54 ./Core/Src/stm32f4xx_it.o
 .comment       0x0000000000000053       0x54 ./Core/Src/system_stm32f4xx.o
 .comment       0x0000000000000053       0x54 ./Drivers/STM32F4xx_HAL_Driver/Src/stm32f4xx_hal.o
 .comment       0x0000000000000053       0x54 ./Drivers/STM32F4xx_HAL_Driver/Src/stm32f4xx_hal_can.o
 .comment       0x0000000000000053       0x54 ./Drivers/STM32F4xx_HAL_Driver/Src/stm32f4xx_hal_cortex.o
 .comment       0x0000000000000053       0x54 ./Drivers/STM32F4xx_HAL_Driver/Src/stm32f4xx_hal_dma.o
 .comment       0x0000000000000053       0x54 ./Drivers/STM32F4xx_HAL_Driver/Src/stm32f4xx_hal_gpio.o
 .comment       0x0000000000000053       0x54 ./Drivers/STM32F4xx_HAL_Driver/Src/stm32f4xx_hal_i2c.o
 .comment       0x0000000000000053       0x54 ./Drivers/STM32F4xx_HAL_Driver/Src/stm32f4xx_hal_i2c_ex.o
 .comment       0x0000000000000053       0x54 ./Drivers/STM32F4xx_HAL_Driver/Src/stm32f4xx_hal_rcc.o
 .comment       0x0000000000000053       0x54 ./Drivers/STM32F4xx_HAL_Driver/Src/stm32f4xx_hal_spi.o
 .comment       0x0000000000000053       0x54 ./Drivers/STM32F4xx_HAL_Driver/Src/stm32f4xx_hal_tim.o
 .comment       0x0000000000000053       0x54 ./Drivers/STM32F4xx_HAL_Driver/Src/stm32f4xx_hal_tim_ex.o
 .comment       0x0000000000000053       0x54 ./Drivers/STM32F4xx_HAL_Driver/Src/stm32f4xx_hal_uart.o

.debug_frame    0x0000000000000000     0x536c
 .debug_frame   0x0000000000000000      0x300 ./Core/Src/main.o
 .debug_frame   0x0000000000000300       0xa4 ./Core/Src/rm_can.o
 .debug_frame   0x00000000000003a4       0x48 ./Core/Src/rm_gpio.o
 .debug_frame   0x00000000000003ec       0xf0 ./Core/Src/rm_uart.o
 .debug_frame   0x00000000000004dc      0x1d0 ./Core/Src/stm32f4xx_hal_msp.o
 .debug_frame   0x00000000000006ac      0x240 ./Core/Src/stm32f4xx_it.o
 .debug_frame   0x00000000000008ec       0x58 ./Core/Src/system_stm32f4xx.o
 .debug_frame   0x0000000000000944      0x3b4 ./Drivers/STM32F4xx_HAL_Driver/Src/stm32f4xx_hal.o
 .debug_frame   0x0000000000000cf8      0x5a0 ./Drivers/STM32F4xx_HAL_Driver/Src/stm32f4xx_hal_can.o
 .debug_frame   0x0000000000001298      0x498 ./Drivers/STM32F4xx_HAL_Driver/Src/stm32f4xx_hal_cortex.o
 .debug_frame   0x0000000000001730      0x250 ./Drivers/STM32F4xx_HAL_Driver/Src/stm32f4xx_hal_dma.o
 .debug_frame   0x0000000000001980      0x14c ./Drivers/STM32F4xx_HAL_Driver/Src/stm32f4xx_hal_gpio.o
 .debug_frame   0x0000000000001acc      0xc5c ./Drivers/STM32F4xx_HAL_Driver/Src/stm32f4xx_hal_i2c.o
 .debug_frame   0x0000000000002728       0x60 ./Drivers/STM32F4xx_HAL_Driver/Src/stm32f4xx_hal_i2c_ex.o
 .debug_frame   0x0000000000002788      0x1ec ./Drivers/STM32F4xx_HAL_Driver/Src/stm32f4xx_hal_rcc.o
 .debug_frame   0x0000000000002974      0x824 ./Drivers/STM32F4xx_HAL_Driver/Src/stm32f4xx_hal_spi.o
 .debug_frame   0x0000000000003198     0x11c4 ./Drivers/STM32F4xx_HAL_Driver/Src/stm32f4xx_hal_tim.o
 .debug_frame   0x000000000000435c      0x638 ./Drivers/STM32F4xx_HAL_Driver/Src/stm32f4xx_hal_tim_ex.o
 .debug_frame   0x0000000000004994      0x92c ./Drivers/STM32F4xx_HAL_Driver/Src/stm32f4xx_hal_uart.o
 .debug_frame   0x00000000000052c0       0x2c c:/st/stm32cubeide_1.8.0/stm32cubeide/plugins/com.st.stm32cube.ide.mcu.externaltools.gnu-tools-for-stm32.9-2020-q2-update.win32_2.0.0.202105311346/tools/bin/../lib/gcc/arm-none-eabi/9.3.1/../../../../arm-none-eabi/lib/thumb/v7e-m+fp/hard\libc_nano.a(lib_a-init.o)
 .debug_frame   0x00000000000052ec       0x20 c:/st/stm32cubeide_1.8.0/stm32cubeide/plugins/com.st.stm32cube.ide.mcu.externaltools.gnu-tools-for-stm32.9-2020-q2-update.win32_2.0.0.202105311346/tools/bin/../lib/gcc/arm-none-eabi/9.3.1/../../../../arm-none-eabi/lib/thumb/v7e-m+fp/hard\libc_nano.a(lib_a-memset.o)
 .debug_frame   0x000000000000530c       0x2c c:/st/stm32cubeide_1.8.0/stm32cubeide/plugins/com.st.stm32cube.ide.mcu.externaltools.gnu-tools-for-stm32.9-2020-q2-update.win32_2.0.0.202105311346/tools/bin/../lib/gcc/arm-none-eabi/9.3.1/thumb/v7e-m+fp/hard\libgcc.a(_aeabi_uldivmod.o)
 .debug_frame   0x0000000000005338       0x34 c:/st/stm32cubeide_1.8.0/stm32cubeide/plugins/com.st.stm32cube.ide.mcu.externaltools.gnu-tools-for-stm32.9-2020-q2-update.win32_2.0.0.202105311346/tools/bin/../lib/gcc/arm-none-eabi/9.3.1/thumb/v7e-m+fp/hard\libgcc.a(_udivmoddi4.o)
