main.c:168:5:main	8	static
main.c:226:6:SystemClock_Config	88	static
main.c:282:13:MX_SPI5_Init	8	static
main.c:320:13:MX_TIM2_Init	48	static
main.c:381:13:MX_TIM3_Init	48	static
main.c:430:13:MX_TIM4_Init	48	static
main.c:491:13:MX_TIM5_Init	48	static
main.c:548:13:MX_TIM12_Init	40	static
main.c:590:13:MX_USART1_UART_Init	8	static
main.c:623:13:MX_USART2_UART_Init	8	static
main.c:656:13:MX_USART6_UART_Init	8	static
main.c:687:13:MX_DMA_Init	16	static
main.c:712:13:MX_GPIO_Init	56	static
main.c:772:6:Error_Handler	4	static
