main.c:114:6:numdataToMSC	24	static
main.c:121:6:numdataToLSC	24	static
main.c:128:6:switchToChar	16	static
main.c:133:6:getRCVals	4	static
main.c:153:5:main	24	static
main.c:233:6:SystemClock_Config	88	static
main.c:277:13:MX_CAN1_Init	8	static
main.c:314:13:MX_CAN2_Init	8	static
main.c:351:13:MX_I2C3_Init	8	static
main.c:397:13:MX_SPI5_Init	8	static
main.c:435:13:MX_TIM2_Init	48	static
main.c:488:13:MX_TIM3_Init	48	static
main.c:537:13:MX_TIM4_Init	48	static
main.c:598:13:MX_TIM5_Init	48	static
main.c:655:13:MX_TIM12_Init	40	static
main.c:697:13:MX_UART4_Init	8	static
main.c:730:13:MX_UART7_Init	8	static
main.c:763:13:MX_USART1_UART_Init	8	static
main.c:796:13:MX_USART2_UART_Init	8	static
main.c:829:13:MX_USART6_UART_Init	8	static
main.c:860:13:MX_DMA_Init	16	static
main.c:885:13:MX_GPIO_Init	56	static
main.c:955:6:Error_Handler	4	static
