rm_ctrl.c:53:6:grand_pid_init	16	static
rm_ctrl.c:81:6:gimbal_pid_clear	8	static
rm_ctrl.c:91:6:imu_calibration	48	static
rm_ctrl.c:154:6:imu_temp_pid_ctrl	16	static
rm_ctrl.c:163:7:yaw_imu_pid_ctrl	24	static
rm_ctrl.c:177:7:pit_imu_pid_ctrl	24	static
rm_ctrl.c:189:7:yaw_ecd_cascade_ctrl	24	static
rm_ctrl.c:199:7:pit_ecd_cascade_ctrl	24	static
rm_ctrl.c:208:7:yaw_ecd_direct_ctrl	24	static
rm_ctrl.c:216:7:pit_ecd_direct_ctrl	24	static
rm_ctrl.c:225:7:yaw_rpm_pid_ctrl	16	static
rm_ctrl.c:230:7:pit_rpm_pid_ctrl	16	static
rm_ctrl.c:235:7:chassis_follow_ctrl	24	static
rm_ctrl.c:243:6:wheels_rpm_ctrl_calc	32	static
rm_ctrl.c:254:7:indexer_rpm_ctrl_calc	16	static
