stm32f4xx_it.c:79:6:NMI_Handler	4	static
stm32f4xx_it.c:92:6:HardFault_Handler	4	static
stm32f4xx_it.c:107:6:MemManage_Handler	4	static
stm32f4xx_it.c:122:6:BusFault_Handler	4	static
stm32f4xx_it.c:137:6:UsageFault_Handler	4	static
stm32f4xx_it.c:152:6:SVC_Handler	4	static
stm32f4xx_it.c:165:6:DebugMon_Handler	4	static
stm32f4xx_it.c:178:6:PendSV_Handler	4	static
stm32f4xx_it.c:191:6:SysTick_Handler	8	static
stm32f4xx_it.c:212:6:DMA1_Stream5_IRQHandler	8	static
stm32f4xx_it.c:226:6:DMA1_Stream6_IRQHandler	8	static
stm32f4xx_it.c:240:6:CAN1_TX_IRQHandler	8	static
stm32f4xx_it.c:254:6:CAN1_RX0_IRQHandler	8	static
stm32f4xx_it.c:268:6:USART1_IRQHandler	8	static
stm32f4xx_it.c:282:6:USART2_IRQHandler	8	static
stm32f4xx_it.c:296:6:UART4_IRQHandler	8	static
stm32f4xx_it.c:310:6:DMA2_Stream2_IRQHandler	8	static
stm32f4xx_it.c:324:6:CAN2_TX_IRQHandler	8	static
stm32f4xx_it.c:338:6:CAN2_RX0_IRQHandler	8	static
stm32f4xx_it.c:352:6:USART6_IRQHandler	8	static
